11:12:54 **** Build of project standalone_bsp_0 ****
make -k all 
"Running Make include in ps7_cortexa9_0/libsrc/cpu_cortexa9_v2_1/src"
make -C ps7_cortexa9_0/libsrc/cpu_cortexa9_v2_1/src -s include  "SHELL=CMD" "COMPILER=arm-xilinx-eabi-gcc" "ARCHIVER=arm-xilinx-eabi-ar" "COMPILER_FLAGS=  -O2 -c" "EXTRA_COMPILER_FLAGS=-g"
"Running Make include in ps7_cortexa9_0/libsrc/devcfg_v3_2/src"
make -C ps7_cortexa9_0/libsrc/devcfg_v3_2/src -s include  "SHELL=CMD" "COMPILER=arm-xilinx-eabi-gcc" "ARCHIVER=arm-xilinx-eabi-ar" "COMPILER_FLAGS=  -O2 -c" "EXTRA_COMPILER_FLAGS=-g"
"Running Make include in ps7_cortexa9_0/libsrc/dmaps_v2_1/src"
make -C ps7_cortexa9_0/libsrc/dmaps_v2_1/src -s include  "SHELL=CMD" "COMPILER=arm-xilinx-eabi-gcc" "ARCHIVER=arm-xilinx-eabi-ar" "COMPILER_FLAGS=  -O2 -c" "EXTRA_COMPILER_FLAGS=-g"
"Running Make include in ps7_cortexa9_0/libsrc/gpio_v4_0/src"
make -C ps7_cortexa9_0/libsrc/gpio_v4_0/src -s include  "SHELL=CMD" "COMPILER=arm-xilinx-eabi-gcc" "ARCHIVER=arm-xilinx-eabi-ar" "COMPILER_FLAGS=  -O2 -c" "EXTRA_COMPILER_FLAGS=-g"
"Running Make include in ps7_cortexa9_0/libsrc/scugic_v2_1/src"
make -C ps7_cortexa9_0/libsrc/scugic_v2_1/src -s include  "SHELL=CMD" "COMPILER=arm-xilinx-eabi-gcc" "ARCHIVER=arm-xilinx-eabi-ar" "COMPILER_FLAGS=  -O2 -c" "EXTRA_COMPILER_FLAGS=-g"
"Running Make include in ps7_cortexa9_0/libsrc/scutimer_v2_0/src"
make -C ps7_cortexa9_0/libsrc/scutimer_v2_0/src -s include  "SHELL=CMD" "COMPILER=arm-xilinx-eabi-gcc" "ARCHIVER=arm-xilinx-eabi-ar" "COMPILER_FLAGS=  -O2 -c" "EXTRA_COMPILER_FLAGS=-g"
"Running Make include in ps7_cortexa9_0/libsrc/scuwdt_v2_0/src"
make -C ps7_cortexa9_0/libsrc/scuwdt_v2_0/src -s include  "SHELL=CMD" "COMPILER=arm-xilinx-eabi-gcc" "ARCHIVER=arm-xilinx-eabi-ar" "COMPILER_FLAGS=  -O2 -c" "EXTRA_COMPILER_FLAGS=-g"
"Running Make include in ps7_cortexa9_0/libsrc/standalone_v4_2/src"
make -C ps7_cortexa9_0/libsrc/standalone_v4_2/src -s include  "SHELL=CMD" "COMPILER=arm-xilinx-eabi-gcc" "ARCHIVER=arm-xilinx-eabi-ar" "COMPILER_FLAGS=  -O2 -c" "EXTRA_COMPILER_FLAGS=-g"
"Running Make include in ps7_cortexa9_0/libsrc/uartps_v2_2/src"
make -C ps7_cortexa9_0/libsrc/uartps_v2_2/src -s include  "SHELL=CMD" "COMPILER=arm-xilinx-eabi-gcc" "ARCHIVER=arm-xilinx-eabi-ar" "COMPILER_FLAGS=  -O2 -c" "EXTRA_COMPILER_FLAGS=-g"
"Running Make include in ps7_cortexa9_0/libsrc/xadcps_v2_1/src"
make -C ps7_cortexa9_0/libsrc/xadcps_v2_1/src -s include  "SHELL=CMD" "COMPILER=arm-xilinx-eabi-gcc" "ARCHIVER=arm-xilinx-eabi-ar" "COMPILER_FLAGS=  -O2 -c" "EXTRA_COMPILER_FLAGS=-g"
"Running Make libs in ps7_cortexa9_0/libsrc/cpu_cortexa9_v2_1/src"
make -C ps7_cortexa9_0/libsrc/cpu_cortexa9_v2_1/src -s libs  "SHELL=CMD" "COMPILER=arm-xilinx-eabi-gcc" "ARCHIVER=arm-xilinx-eabi-ar" "COMPILER_FLAGS=  -O2 -c" "EXTRA_COMPILER_FLAGS=-g"
"Compiling cpu_cortexa9"
"Running Make libs in ps7_cortexa9_0/libsrc/devcfg_v3_2/src"
make -C ps7_cortexa9_0/libsrc/devcfg_v3_2/src -s libs  "SHELL=CMD" "COMPILER=arm-xilinx-eabi-gcc" "ARCHIVER=arm-xilinx-eabi-ar" "COMPILER_FLAGS=  -O2 -c" "EXTRA_COMPILER_FLAGS=-g"
"Compiling devcfg"
arm-xilinx-eabi-ar: creating ../../../lib/libxil.a
"Running Make libs in ps7_cortexa9_0/libsrc/dmaps_v2_1/src"
make -C ps7_cortexa9_0/libsrc/dmaps_v2_1/src -s libs  "SHELL=CMD" "COMPILER=arm-xilinx-eabi-gcc" "ARCHIVER=arm-xilinx-eabi-ar" "COMPILER_FLAGS=  -O2 -c" "EXTRA_COMPILER_FLAGS=-g"
"Compiling dmaps"
"Running Make libs in ps7_cortexa9_0/libsrc/gpio_v4_0/src"
make -C ps7_cortexa9_0/libsrc/gpio_v4_0/src -s libs  "SHELL=CMD" "COMPILER=arm-xilinx-eabi-gcc" "ARCHIVER=arm-xilinx-eabi-ar" "COMPILER_FLAGS=  -O2 -c" "EXTRA_COMPILER_FLAGS=-g"
"Compiling gpio"
"Running Make libs in ps7_cortexa9_0/libsrc/scugic_v2_1/src"
make -C ps7_cortexa9_0/libsrc/scugic_v2_1/src -s libs  "SHELL=CMD" "COMPILER=arm-xilinx-eabi-gcc" "ARCHIVER=arm-xilinx-eabi-ar" "COMPILER_FLAGS=  -O2 -c" "EXTRA_COMPILER_FLAGS=-g"
"Compiling scugic"
"Running Make libs in ps7_cortexa9_0/libsrc/scutimer_v2_0/src"
make -C ps7_cortexa9_0/libsrc/scutimer_v2_0/src -s libs  "SHELL=CMD" "COMPILER=arm-xilinx-eabi-gcc" "ARCHIVER=arm-xilinx-eabi-ar" "COMPILER_FLAGS=  -O2 -c" "EXTRA_COMPILER_FLAGS=-g"
"Compiling scutimer"
"Running Make libs in ps7_cortexa9_0/libsrc/scuwdt_v2_0/src"
make -C ps7_cortexa9_0/libsrc/scuwdt_v2_0/src -s libs  "SHELL=CMD" "COMPILER=arm-xilinx-eabi-gcc" "ARCHIVER=arm-xilinx-eabi-ar" "COMPILER_FLAGS=  -O2 -c" "EXTRA_COMPILER_FLAGS=-g"
"Compiling scuwdt"
"Running Make libs in ps7_cortexa9_0/libsrc/standalone_v4_2/src"
make -C ps7_cortexa9_0/libsrc/standalone_v4_2/src -s libs  "SHELL=CMD" "COMPILER=arm-xilinx-eabi-gcc" "ARCHIVER=arm-xilinx-eabi-ar" "COMPILER_FLAGS=  -O2 -c" "EXTRA_COMPILER_FLAGS=-g"
"Compiling standalone"
"Running Make libs in ps7_cortexa9_0/libsrc/uartps_v2_2/src"
make -C ps7_cortexa9_0/libsrc/uartps_v2_2/src -s libs  "SHELL=CMD" "COMPILER=arm-xilinx-eabi-gcc" "ARCHIVER=arm-xilinx-eabi-ar" "COMPILER_FLAGS=  -O2 -c" "EXTRA_COMPILER_FLAGS=-g"
"Compiling uartps"
"Running Make libs in ps7_cortexa9_0/libsrc/xadcps_v2_1/src"
make -C ps7_cortexa9_0/libsrc/xadcps_v2_1/src -s libs  "SHELL=CMD" "COMPILER=arm-xilinx-eabi-gcc" "ARCHIVER=arm-xilinx-eabi-ar" "COMPILER_FLAGS=  -O2 -c" "EXTRA_COMPILER_FLAGS=-g"
"Compiling xadcps"
'Finished building libraries'

**** Build of configuration Debug for project App ****

Nothing to build for project App

**** Build of configuration Debug for project App ****

Nothing to build for project App
11:15:21 **** Auto Build of configuration Debug for project App ****
make all 
'Building file: ../cxw.c'
'Invoking: ARM gcc compiler'
arm-xilinx-eabi-gcc -Wall -O0 -g3 -c -fmessage-length=0 -MT"cxw.o" -I../../standalone_bsp_0/ps7_cortexa9_0/include -MMD -MP -MF"cxw.d" -MT"cxw.d" -o "cxw.o" "../cxw.c"
../cxw.c:19:19: fatal error: xutil.h: No such file or directory
 #include "xutil.h"
                   ^
compilation terminated.
make: *** [cxw.o] ´íÎó 1
11:16:33 **** Auto Build of project standalone_bsp_0 ****
make -k all 
"Running Make include in ps7_cortexa9_0/libsrc/cpu_cortexa9_v2_1/src"
make -C ps7_cortexa9_0/libsrc/cpu_cortexa9_v2_1/src -s include  "SHELL=CMD" "COMPILER=arm-xilinx-eabi-gcc" "ARCHIVER=arm-xilinx-eabi-ar" "COMPILER_FLAGS=  -O2 -c" "EXTRA_COMPILER_FLAGS=-g"
"Running Make include in ps7_cortexa9_0/libsrc/devcfg_v3_2/src"
make -C ps7_cortexa9_0/libsrc/devcfg_v3_2/src -s include  "SHELL=CMD" "COMPILER=arm-xilinx-eabi-gcc" "ARCHIVER=arm-xilinx-eabi-ar" "COMPILER_FLAGS=  -O2 -c" "EXTRA_COMPILER_FLAGS=-g"
"Running Make include in ps7_cortexa9_0/libsrc/dmaps_v2_1/src"
make -C ps7_cortexa9_0/libsrc/dmaps_v2_1/src -s include  "SHELL=CMD" "COMPILER=arm-xilinx-eabi-gcc" "ARCHIVER=arm-xilinx-eabi-ar" "COMPILER_FLAGS=  -O2 -c" "EXTRA_COMPILER_FLAGS=-g"
"Running Make include in ps7_cortexa9_0/libsrc/gpio_v4_0/src"
make -C ps7_cortexa9_0/libsrc/gpio_v4_0/src -s include  "SHELL=CMD" "COMPILER=arm-xilinx-eabi-gcc" "ARCHIVER=arm-xilinx-eabi-ar" "COMPILER_FLAGS=  -O2 -c" "EXTRA_COMPILER_FLAGS=-g"
"Running Make include in ps7_cortexa9_0/libsrc/scugic_v2_1/src"
make -C ps7_cortexa9_0/libsrc/scugic_v2_1/src -s include  "SHELL=CMD" "COMPILER=arm-xilinx-eabi-gcc" "ARCHIVER=arm-xilinx-eabi-ar" "COMPILER_FLAGS=  -O2 -c" "EXTRA_COMPILER_FLAGS=-g"
"Running Make include in ps7_cortexa9_0/libsrc/scutimer_v2_0/src"
make -C ps7_cortexa9_0/libsrc/scutimer_v2_0/src -s include  "SHELL=CMD" "COMPILER=arm-xilinx-eabi-gcc" "ARCHIVER=arm-xilinx-eabi-ar" "COMPILER_FLAGS=  -O2 -c" "EXTRA_COMPILER_FLAGS=-g"
"Running Make include in ps7_cortexa9_0/libsrc/scuwdt_v2_0/src"
make -C ps7_cortexa9_0/libsrc/scuwdt_v2_0/src -s include  "SHELL=CMD" "COMPILER=arm-xilinx-eabi-gcc" "ARCHIVER=arm-xilinx-eabi-ar" "COMPILER_FLAGS=  -O2 -c" "EXTRA_COMPILER_FLAGS=-g"
"Running Make include in ps7_cortexa9_0/libsrc/standalone_v4_2/src"
make -C ps7_cortexa9_0/libsrc/standalone_v4_2/src -s include  "SHELL=CMD" "COMPILER=arm-xilinx-eabi-gcc" "ARCHIVER=arm-xilinx-eabi-ar" "COMPILER_FLAGS=  -O2 -c" "EXTRA_COMPILER_FLAGS=-g"
"Running Make include in ps7_cortexa9_0/libsrc/uartps_v2_2/src"
make -C ps7_cortexa9_0/libsrc/uartps_v2_2/src -s include  "SHELL=CMD" "COMPILER=arm-xilinx-eabi-gcc" "ARCHIVER=arm-xilinx-eabi-ar" "COMPILER_FLAGS=  -O2 -c" "EXTRA_COMPILER_FLAGS=-g"
"Running Make include in ps7_cortexa9_0/libsrc/xadcps_v2_1/src"
make -C ps7_cortexa9_0/libsrc/xadcps_v2_1/src -s include  "SHELL=CMD" "COMPILER=arm-xilinx-eabi-gcc" "ARCHIVER=arm-xilinx-eabi-ar" "COMPILER_FLAGS=  -O2 -c" "EXTRA_COMPILER_FLAGS=-g"
"Running Make libs in ps7_cortexa9_0/libsrc/cpu_cortexa9_v2_1/src"
make -C ps7_cortexa9_0/libsrc/cpu_cortexa9_v2_1/src -s libs  "SHELL=CMD" "COMPILER=arm-xilinx-eabi-gcc" "ARCHIVER=arm-xilinx-eabi-ar" "COMPILER_FLAGS=  -O2 -c" "EXTRA_COMPILER_FLAGS=-g"
"Compiling cpu_cortexa9"
"Running Make libs in ps7_cortexa9_0/libsrc/devcfg_v3_2/src"
make -C ps7_cortexa9_0/libsrc/devcfg_v3_2/src -s libs  "SHELL=CMD" "COMPILER=arm-xilinx-eabi-gcc" "ARCHIVER=arm-xilinx-eabi-ar" "COMPILER_FLAGS=  -O2 -c" "EXTRA_COMPILER_FLAGS=-g"
"Compiling devcfg"
"Running Make libs in ps7_cortexa9_0/libsrc/dmaps_v2_1/src"
make -C ps7_cortexa9_0/libsrc/dmaps_v2_1/src -s libs  "SHELL=CMD" "COMPILER=arm-xilinx-eabi-gcc" "ARCHIVER=arm-xilinx-eabi-ar" "COMPILER_FLAGS=  -O2 -c" "EXTRA_COMPILER_FLAGS=-g"
"Compiling dmaps"
"Running Make libs in ps7_cortexa9_0/libsrc/gpio_v4_0/src"
make -C ps7_cortexa9_0/libsrc/gpio_v4_0/src -s libs  "SHELL=CMD" "COMPILER=arm-xilinx-eabi-gcc" "ARCHIVER=arm-xilinx-eabi-ar" "COMPILER_FLAGS=  -O2 -c" "EXTRA_COMPILER_FLAGS=-g"
"Compiling gpio"
"Running Make libs in ps7_cortexa9_0/libsrc/scugic_v2_1/src"
make -C ps7_cortexa9_0/libsrc/scugic_v2_1/src -s libs  "SHELL=CMD" "COMPILER=arm-xilinx-eabi-gcc" "ARCHIVER=arm-xilinx-eabi-ar" "COMPILER_FLAGS=  -O2 -c" "EXTRA_COMPILER_FLAGS=-g"
"Compiling scugic"
"Running Make libs in ps7_cortexa9_0/libsrc/scutimer_v2_0/src"
make -C ps7_cortexa9_0/libsrc/scutimer_v2_0/src -s libs  "SHELL=CMD" "COMPILER=arm-xilinx-eabi-gcc" "ARCHIVER=arm-xilinx-eabi-ar" "COMPILER_FLAGS=  -O2 -c" "EXTRA_COMPILER_FLAGS=-g"
"Compiling scutimer"
"Running Make libs in ps7_cortexa9_0/libsrc/scuwdt_v2_0/src"
make -C ps7_cortexa9_0/libsrc/scuwdt_v2_0/src -s libs  "SHELL=CMD" "COMPILER=arm-xilinx-eabi-gcc" "ARCHIVER=arm-xilinx-eabi-ar" "COMPILER_FLAGS=  -O2 -c" "EXTRA_COMPILER_FLAGS=-g"
"Compiling scuwdt"
"Running Make libs in ps7_cortexa9_0/libsrc/standalone_v4_2/src"
make -C ps7_cortexa9_0/libsrc/standalone_v4_2/src -s libs  "SHELL=CMD" "COMPILER=arm-xilinx-eabi-gcc" "ARCHIVER=arm-xilinx-eabi-ar" "COMPILER_FLAGS=  -O2 -c" "EXTRA_COMPILER_FLAGS=-g"
"Compiling standalone"
"Running Make libs in ps7_cortexa9_0/libsrc/uartps_v2_2/src"
make -C ps7_cortexa9_0/libsrc/uartps_v2_2/src -s libs  "SHELL=CMD" "COMPILER=arm-xilinx-eabi-gcc" "ARCHIVER=arm-xilinx-eabi-ar" "COMPILER_FLAGS=  -O2 -c" "EXTRA_COMPILER_FLAGS=-g"
"Compiling uartps"
"Running Make libs in ps7_cortexa9_0/libsrc/xadcps_v2_1/src"
make -C ps7_cortexa9_0/libsrc/xadcps_v2_1/src -s libs  "SHELL=CMD" "COMPILER=arm-xilinx-eabi-gcc" "ARCHIVER=arm-xilinx-eabi-ar" "COMPILER_FLAGS=  -O2 -c" "EXTRA_COMPILER_FLAGS=-g"
"Compiling xadcps"
'Finished building libraries'
11:17:41 **** Auto Build of configuration Debug for project App ****
make all 
'Building file: ../cxw.c'
'Invoking: ARM gcc compiler'
arm-xilinx-eabi-gcc -Wall -O0 -g3 -c -fmessage-length=0 -MT"cxw.o" -I../../standalone_bsp_0/ps7_cortexa9_0/include -MMD -MP -MF"cxw.d" -MT"cxw.d" -o "cxw.o" "../cxw.c"
In file included from ../../standalone_bsp_0/ps7_cortexa9_0/include/xutil.h:112:0,
                 from ../cxw.c:19:
../../standalone_bsp_0/ps7_cortexa9_0/include/xbasic_types.h:115:2: warning: #warning The xbasics_type.h file is deprecated and users should use xil_types.h and xil_assert. [-Wcpp]
 #warning  The xbasics_type.h file is deprecated and users should use xil_types.h and xil_assert.
  ^
../../standalone_bsp_0/ps7_cortexa9_0/include/xbasic_types.h:116:2: warning: #warning Please refer the Standalone BSP UG647 for further details [-Wcpp]
 #warning  Please refer the Standalone BSP UG647 for further details
  ^
../cxw.c: In function 'main':
../cxw.c:39:26: error: 'XPAR_BUTTON_DEVICE_ID' undeclared (first use in this function)
  XGpio_Initialize(&push, XPAR_BUTTON_DEVICE_ID);
                          ^
../cxw.c:39:26: note: each undeclared identifier is reported only once for each function it appears in
../cxw.c:32:6: warning: unused variable 'dat' [-Wunused-variable]
  int dat = 0x01;
      ^
../cxw.c:31:15: warning: unused variable 'Delay' [-Wunused-variable]
  volatile int Delay;
               ^
../cxw.c:30:19: warning: unused variable 'pss_check' [-Wunused-variable]
  int i, psb_check,pss_check;
                   ^
../cxw.c:29:21: warning: unused variable 'dip' [-Wunused-variable]
     XGpio led, push,dip;
                     ^
make: *** [cxw.o] ´íÎó 1
11:19:10 **** Auto Build of configuration Debug for project App ****
make all 
'Building file: ../cxw.c'
'Invoking: ARM gcc compiler'
arm-xilinx-eabi-gcc -Wall -O0 -g3 -c -fmessage-length=0 -MT"cxw.o" -I../../standalone_bsp_0/ps7_cortexa9_0/include -MMD -MP -MF"cxw.d" -MT"cxw.d" -o "cxw.o" "../cxw.c"
In file included from ../../standalone_bsp_0/ps7_cortexa9_0/include/xutil.h:112:0,
                 from ../cxw.c:19:
../../standalone_bsp_0/ps7_cortexa9_0/include/xbasic_types.h:115:2: warning: #warning The xbasics_type.h file is deprecated and users should use xil_types.h and xil_assert. [-Wcpp]
 #warning  The xbasics_type.h file is deprecated and users should use xil_types.h and xil_assert.
  ^
../../standalone_bsp_0/ps7_cortexa9_0/include/xbasic_types.h:116:2: warning: #warning Please refer the Standalone BSP UG647 for further details [-Wcpp]
 #warning  Please refer the Standalone BSP UG647 for further details
  ^
../cxw.c: In function 'main':
../cxw.c:32:6: warning: unused variable 'dat' [-Wunused-variable]
  int dat = 0x01;
      ^
../cxw.c:31:15: warning: unused variable 'Delay' [-Wunused-variable]
  volatile int Delay;
               ^
../cxw.c:30:19: warning: unused variable 'pss_check' [-Wunused-variable]
  int i, psb_check,pss_check;
                   ^
../cxw.c:29:21: warning: unused variable 'dip' [-Wunused-variable]
     XGpio led, push,dip;
                     ^
'Finished building: ../cxw.c'
' '
'Building target: App.elf'
'Invoking: ARM gcc linker'
arm-xilinx-eabi-gcc -Wl,-T -Wl,../src/lscript.ld -L../../standalone_bsp_0/ps7_cortexa9_0/lib -o "App.elf"  ./cxw.o   -Wl,--start-group,-lxil,-lgcc,-lc,--end-group
'Finished building target: App.elf'
' '
'Invoking: ARM Print Size'
arm-xilinx-eabi-size App.elf  |tee "App.elf.size"
   text	   data	    bss	    dec	    hex	filename
  23988	   1208	  22564	  47760	   ba90	App.elf
'Finished building: App.elf.size'
' '
12:02:13 **** Incremental Build of configuration Debug for project App ****
make all 
make: Nothing to be done for `all'.
12:04:13 **** Auto Build of configuration Debug for project App ****
make all 
'Building file: ../cxw.c'
'Invoking: ARM gcc compiler'
arm-xilinx-eabi-gcc -Wall -O0 -g3 -c -fmessage-length=0 -MT"cxw.o" -I../../standalone_bsp_0/ps7_cortexa9_0/include -MMD -MP -MF"cxw.d" -MT"cxw.d" -o "cxw.o" "../cxw.c"
In file included from ../../standalone_bsp_0/ps7_cortexa9_0/include/xutil.h:112:0,
                 from ../cxw.c:3:
../../standalone_bsp_0/ps7_cortexa9_0/include/xbasic_types.h:115:2: warning: #warning The xbasics_type.h file is deprecated and users should use xil_types.h and xil_assert. [-Wcpp]
 #warning  The xbasics_type.h file is deprecated and users should use xil_types.h and xil_assert.
  ^
../../standalone_bsp_0/ps7_cortexa9_0/include/xbasic_types.h:116:2: warning: #warning Please refer the Standalone BSP UG647 for further details [-Wcpp]
 #warning  Please refer the Standalone BSP UG647 for further details
  ^
../cxw.c: In function 'main':
../cxw.c:16:6: warning: unused variable 'dat' [-Wunused-variable]
  int dat = 0x01;
      ^
../cxw.c:15:15: warning: unused variable 'Delay' [-Wunused-variable]
  volatile int Delay;
               ^
../cxw.c:14:19: warning: unused variable 'pss_check' [-Wunused-variable]
  int i, psb_check,pss_check;
                   ^
../cxw.c:13:21: warning: unused variable 'dip' [-Wunused-variable]
     XGpio led, push,dip;
                     ^
'Finished building: ../cxw.c'
' '
'Building target: App.elf'
'Invoking: ARM gcc linker'
arm-xilinx-eabi-gcc -Wl,-T -Wl,../src/lscript.ld -L../../standalone_bsp_0/ps7_cortexa9_0/lib -o "App.elf"  ./cxw.o   -Wl,--start-group,-lxil,-lgcc,-lc,--end-group
'Finished building target: App.elf'
' '
'Invoking: ARM Print Size'
arm-xilinx-eabi-size App.elf  |tee "App.elf.size"
   text	   data	    bss	    dec	    hex	filename
  23988	   1208	  22564	  47760	   ba90	App.elf
'Finished building: App.elf.size'
' '
12:04:47 **** Clean-only build of configuration Debug for project App ****
make clean 
rm -rf  ./cxw.o  ./cxw.d  App.elf.size  App.elf
' '

****  of configuration Debug for project App ****

Nothing to build for project App
12:04:55 **** Clean-only build of configuration Debug for project App ****
make clean 
rm -rf  ./cxw.o  ./cxw.d  App.elf.size  App.elf
' '
12:04:56 **** Auto Build of configuration Debug for project App ****
make all 
'Building file: ../ljylsr.c'
'Invoking: ARM gcc compiler'
arm-xilinx-eabi-gcc -Wall -O0 -g3 -c -fmessage-length=0 -MT"ljylsr.o" -I../../standalone_bsp_0/ps7_cortexa9_0/include -MMD -MP -MF"ljylsr.d" -MT"ljylsr.d" -o "ljylsr.o" "../ljylsr.c"
In file included from ../../standalone_bsp_0/ps7_cortexa9_0/include/xutil.h:112:0,
                 from ../ljylsr.c:3:
../../standalone_bsp_0/ps7_cortexa9_0/include/xbasic_types.h:115:2: warning: #warning The xbasics_type.h file is deprecated and users should use xil_types.h and xil_assert. [-Wcpp]
 #warning  The xbasics_type.h file is deprecated and users should use xil_types.h and xil_assert.
  ^
../../standalone_bsp_0/ps7_cortexa9_0/include/xbasic_types.h:116:2: warning: #warning Please refer the Standalone BSP UG647 for further details [-Wcpp]
 #warning  Please refer the Standalone BSP UG647 for further details
  ^
../ljylsr.c: In function 'main':
../ljylsr.c:16:6: warning: unused variable 'dat' [-Wunused-variable]
  int dat = 0x01;
      ^
../ljylsr.c:15:15: warning: unused variable 'Delay' [-Wunused-variable]
  volatile int Delay;
               ^
../ljylsr.c:14:19: warning: unused variable 'pss_check' [-Wunused-variable]
  int i, psb_check,pss_check;
                   ^
../ljylsr.c:13:21: warning: unused variable 'dip' [-Wunused-variable]
     XGpio led, push,dip;
                     ^
'Finished building: ../ljylsr.c'
' '
'Building target: App.elf'
'Invoking: ARM gcc linker'
arm-xilinx-eabi-gcc -Wl,-T -Wl,../src/lscript.ld -L../../standalone_bsp_0/ps7_cortexa9_0/lib -o "App.elf"  ./ljylsr.o   -Wl,--start-group,-lxil,-lgcc,-lc,--end-group
'Finished building target: App.elf'
' '
'Invoking: ARM Print Size'
arm-xilinx-eabi-size App.elf  |tee "App.elf.size"
   text	   data	    bss	    dec	    hex	filename
  23988	   1208	  22564	  47760	   ba90	App.elf
'Finished building: App.elf.size'
' '
12:05:26 **** Auto Build of configuration Debug for project App ****
make all 
'Building file: ../ljylsr.c'
'Invoking: ARM gcc compiler'
arm-xilinx-eabi-gcc -Wall -O0 -g3 -c -fmessage-length=0 -MT"ljylsr.o" -I../../standalone_bsp_0/ps7_cortexa9_0/include -MMD -MP -MF"ljylsr.d" -MT"ljylsr.d" -o "ljylsr.o" "../ljylsr.c"
In file included from ../../standalone_bsp_0/ps7_cortexa9_0/include/xutil.h:112:0,
                 from ../ljylsr.c:3:
../../standalone_bsp_0/ps7_cortexa9_0/include/xbasic_types.h:115:2: warning: #warning The xbasics_type.h file is deprecated and users should use xil_types.h and xil_assert. [-Wcpp]
 #warning  The xbasics_type.h file is deprecated and users should use xil_types.h and xil_assert.
  ^
../../standalone_bsp_0/ps7_cortexa9_0/include/xbasic_types.h:116:2: warning: #warning Please refer the Standalone BSP UG647 for further details [-Wcpp]
 #warning  Please refer the Standalone BSP UG647 for further details
  ^
../ljylsr.c: In function 'main':
../ljylsr.c:13:6: warning: unused variable 'dat' [-Wunused-variable]
  int dat = 0x01;
      ^
../ljylsr.c:12:15: warning: unused variable 'Delay' [-Wunused-variable]
  volatile int Delay;
               ^
../ljylsr.c:11:19: warning: unused variable 'pss_check' [-Wunused-variable]
  int i, psb_check,pss_check;
                   ^
../ljylsr.c:10:21: warning: unused variable 'dip' [-Wunused-variable]
     XGpio led, push,dip;
                     ^
'Finished building: ../ljylsr.c'
' '
'Building target: App.elf'
'Invoking: ARM gcc linker'
arm-xilinx-eabi-gcc -Wl,-T -Wl,../src/lscript.ld -L../../standalone_bsp_0/ps7_cortexa9_0/lib -o "App.elf"  ./ljylsr.o   -Wl,--start-group,-lxil,-lgcc,-lc,--end-group
'Finished building target: App.elf'
' '
'Invoking: ARM Print Size'
arm-xilinx-eabi-size App.elf  |tee "App.elf.size"
   text	   data	    bss	    dec	    hex	filename
  23988	   1208	  22564	  47760	   ba90	App.elf
'Finished building: App.elf.size'
' '
12:06:03 **** Auto Build of configuration Debug for project App ****
make all 
'Building file: ../ljylsr.c'
'Invoking: ARM gcc compiler'
arm-xilinx-eabi-gcc -Wall -O0 -g3 -c -fmessage-length=0 -MT"ljylsr.o" -I../../standalone_bsp_0/ps7_cortexa9_0/include -MMD -MP -MF"ljylsr.d" -MT"ljylsr.d" -o "ljylsr.o" "../ljylsr.c"
In file included from ../../standalone_bsp_0/ps7_cortexa9_0/include/xutil.h:112:0,
                 from ../ljylsr.c:3:
../../standalone_bsp_0/ps7_cortexa9_0/include/xbasic_types.h:115:2: warning: #warning The xbasics_type.h file is deprecated and users should use xil_types.h and xil_assert. [-Wcpp]
 #warning  The xbasics_type.h file is deprecated and users should use xil_types.h and xil_assert.
  ^
../../standalone_bsp_0/ps7_cortexa9_0/include/xbasic_types.h:116:2: warning: #warning Please refer the Standalone BSP UG647 for further details [-Wcpp]
 #warning  Please refer the Standalone BSP UG647 for further details
  ^
../ljylsr.c: In function 'main':
../ljylsr.c:13:6: warning: unused variable 'dat' [-Wunused-variable]
  int dat = 0x01;
      ^
../ljylsr.c:12:15: warning: unused variable 'Delay' [-Wunused-variable]
  volatile int Delay;
               ^
../ljylsr.c:11:19: warning: unused variable 'pss_check' [-Wunused-variable]
  int i, psb_check,pss_check;
                   ^
../ljylsr.c:10:20: warning: unused variable 'dip' [-Wunused-variable]
     XGpio led,push,dip;
                    ^
'Finished building: ../ljylsr.c'
' '
'Building target: App.elf'
'Invoking: ARM gcc linker'
arm-xilinx-eabi-gcc -Wl,-T -Wl,../src/lscript.ld -L../../standalone_bsp_0/ps7_cortexa9_0/lib -o "App.elf"  ./ljylsr.o   -Wl,--start-group,-lxil,-lgcc,-lc,--end-group
'Finished building target: App.elf'
' '
'Invoking: ARM Print Size'
arm-xilinx-eabi-size App.elf  |tee "App.elf.size"
   text	   data	    bss	    dec	    hex	filename
  23988	   1208	  22564	  47760	   ba90	App.elf
'Finished building: App.elf.size'
' '
12:07:09 **** Auto Build of configuration Debug for project App ****
make all 
'Building file: ../ljylsr.c'
'Invoking: ARM gcc compiler'
arm-xilinx-eabi-gcc -Wall -O0 -g3 -c -fmessage-length=0 -MT"ljylsr.o" -I../../standalone_bsp_0/ps7_cortexa9_0/include -MMD -MP -MF"ljylsr.d" -MT"ljylsr.d" -o "ljylsr.o" "../ljylsr.c"
In file included from ../../standalone_bsp_0/ps7_cortexa9_0/include/xutil.h:112:0,
                 from ../ljylsr.c:3:
../../standalone_bsp_0/ps7_cortexa9_0/include/xbasic_types.h:115:2: warning: #warning The xbasics_type.h file is deprecated and users should use xil_types.h and xil_assert. [-Wcpp]
 #warning  The xbasics_type.h file is deprecated and users should use xil_types.h and xil_assert.
  ^
../../standalone_bsp_0/ps7_cortexa9_0/include/xbasic_types.h:116:2: warning: #warning Please refer the Standalone BSP UG647 for further details [-Wcpp]
 #warning  Please refer the Standalone BSP UG647 for further details
  ^
../ljylsr.c: In function 'main':
../ljylsr.c:13:6: warning: unused variable 'dat' [-Wunused-variable]
  int dat = 0x01;
      ^
../ljylsr.c:12:15: warning: unused variable 'Delay' [-Wunused-variable]
  volatile int Delay;
               ^
'Finished building: ../ljylsr.c'
' '
'Building target: App.elf'
'Invoking: ARM gcc linker'
arm-xilinx-eabi-gcc -Wl,-T -Wl,../src/lscript.ld -L../../standalone_bsp_0/ps7_cortexa9_0/lib -o "App.elf"  ./ljylsr.o   -Wl,--start-group,-lxil,-lgcc,-lc,--end-group
'Finished building target: App.elf'
' '
'Invoking: ARM Print Size'
arm-xilinx-eabi-size App.elf  |tee "App.elf.size"
   text	   data	    bss	    dec	    hex	filename
  24080	   1208	  22564	  47852	   baec	App.elf
'Finished building: App.elf.size'
' '
12:08:09 **** Incremental Build of configuration Debug for project App ****
make all 
make: Nothing to be done for `all'.
12:09:03 **** Auto Build of configuration Debug for project App ****
make all 
'Building file: ../ljylsr.c'
'Invoking: ARM gcc compiler'
arm-xilinx-eabi-gcc -Wall -O0 -g3 -c -fmessage-length=0 -MT"ljylsr.o" -I../../standalone_bsp_0/ps7_cortexa9_0/include -MMD -MP -MF"ljylsr.d" -MT"ljylsr.d" -o "ljylsr.o" "../ljylsr.c"
In file included from ../../standalone_bsp_0/ps7_cortexa9_0/include/xutil.h:112:0,
                 from ../ljylsr.c:3:
../../standalone_bsp_0/ps7_cortexa9_0/include/xbasic_types.h:115:2: warning: #warning The xbasics_type.h file is deprecated and users should use xil_types.h and xil_assert. [-Wcpp]
 #warning  The xbasics_type.h file is deprecated and users should use xil_types.h and xil_assert.
  ^
../../standalone_bsp_0/ps7_cortexa9_0/include/xbasic_types.h:116:2: warning: #warning Please refer the Standalone BSP UG647 for further details [-Wcpp]
 #warning  Please refer the Standalone BSP UG647 for further details
  ^
../ljylsr.c: In function 'main':
../ljylsr.c:13:6: warning: unused variable 'dat' [-Wunused-variable]
  int dat = 0x01;
      ^
../ljylsr.c:12:15: warning: unused variable 'Delay' [-Wunused-variable]
  volatile int Delay;
               ^
'Finished building: ../ljylsr.c'
' '
'Building target: App.elf'
'Invoking: ARM gcc linker'
arm-xilinx-eabi-gcc -Wl,-T -Wl,../src/lscript.ld -L../../standalone_bsp_0/ps7_cortexa9_0/lib -o "App.elf"  ./ljylsr.o   -Wl,--start-group,-lxil,-lgcc,-lc,--end-group
'Finished building target: App.elf'
' '
'Invoking: ARM Print Size'
arm-xilinx-eabi-size App.elf  |tee "App.elf.size"
   text	   data	    bss	    dec	    hex	filename
  24144	   1208	  22564	  47916	   bb2c	App.elf
'Finished building: App.elf.size'
' '
12:10:24 **** Incremental Build of configuration Debug for project App ****
make all 
make: Nothing to be done for `all'.
12:13:12 **** Incremental Build of configuration Debug for project App ****
make all 
make: Nothing to be done for `all'.
12:18:22 **** Auto Build of configuration Debug for project App ****
make all 
'Building file: ../ljylsr.c'
'Invoking: ARM gcc compiler'
arm-xilinx-eabi-gcc -Wall -O0 -g3 -c -fmessage-length=0 -MT"ljylsr.o" -I../../standalone_bsp_0/ps7_cortexa9_0/include -MMD -MP -MF"ljylsr.d" -MT"ljylsr.d" -o "ljylsr.o" "../ljylsr.c"
In file included from ../../standalone_bsp_0/ps7_cortexa9_0/include/xutil.h:112:0,
                 from ../ljylsr.c:3:
../../standalone_bsp_0/ps7_cortexa9_0/include/xbasic_types.h:115:2: warning: #warning The xbasics_type.h file is deprecated and users should use xil_types.h and xil_assert. [-Wcpp]
 #warning  The xbasics_type.h file is deprecated and users should use xil_types.h and xil_assert.
  ^
../../standalone_bsp_0/ps7_cortexa9_0/include/xbasic_types.h:116:2: warning: #warning Please refer the Standalone BSP UG647 for further details [-Wcpp]
 #warning  Please refer the Standalone BSP UG647 for further details
  ^
../ljylsr.c: In function 'main':
../ljylsr.c:14:6: warning: unused variable 'dat' [-Wunused-variable]
  int dat = 0x01;
      ^
../ljylsr.c:13:15: warning: unused variable 'Delay' [-Wunused-variable]
  volatile int Delay;
               ^
'Finished building: ../ljylsr.c'
' '
'Building target: App.elf'
'Invoking: ARM gcc linker'
arm-xilinx-eabi-gcc -Wl,-T -Wl,../src/lscript.ld -L../../standalone_bsp_0/ps7_cortexa9_0/lib -o "App.elf"  ./ljylsr.o   -Wl,--start-group,-lxil,-lgcc,-lc,--end-group
'Finished building target: App.elf'
' '
'Invoking: ARM Print Size'
arm-xilinx-eabi-size App.elf  |tee "App.elf.size"
   text	   data	    bss	    dec	    hex	filename
  24272	   1208	  22564	  48044	   bbac	App.elf
'Finished building: App.elf.size'
' '
12:19:11 **** Incremental Build of configuration Debug for project App ****
make all 
make: Nothing to be done for `all'.
12:19:46 **** Auto Build of configuration Debug for project App ****
make all 
'Building file: ../ljylsr.c'
'Invoking: ARM gcc compiler'
arm-xilinx-eabi-gcc -Wall -O0 -g3 -c -fmessage-length=0 -MT"ljylsr.o" -I../../standalone_bsp_0/ps7_cortexa9_0/include -MMD -MP -MF"ljylsr.d" -MT"ljylsr.d" -o "ljylsr.o" "../ljylsr.c"
In file included from ../../standalone_bsp_0/ps7_cortexa9_0/include/xutil.h:112:0,
                 from ../ljylsr.c:3:
../../standalone_bsp_0/ps7_cortexa9_0/include/xbasic_types.h:115:2: warning: #warning The xbasics_type.h file is deprecated and users should use xil_types.h and xil_assert. [-Wcpp]
 #warning  The xbasics_type.h file is deprecated and users should use xil_types.h and xil_assert.
  ^
../../standalone_bsp_0/ps7_cortexa9_0/include/xbasic_types.h:116:2: warning: #warning Please refer the Standalone BSP UG647 for further details [-Wcpp]
 #warning  Please refer the Standalone BSP UG647 for further details
  ^
../ljylsr.c: In function 'main':
../ljylsr.c:14:6: warning: unused variable 'dat' [-Wunused-variable]
  int dat = 0x01;
      ^
../ljylsr.c:13:15: warning: unused variable 'Delay' [-Wunused-variable]
  volatile int Delay;
               ^
'Finished building: ../ljylsr.c'
' '
'Building target: App.elf'
'Invoking: ARM gcc linker'
arm-xilinx-eabi-gcc -Wl,-T -Wl,../src/lscript.ld -L../../standalone_bsp_0/ps7_cortexa9_0/lib -o "App.elf"  ./ljylsr.o   -Wl,--start-group,-lxil,-lgcc,-lc,--end-group
'Finished building target: App.elf'
' '
'Invoking: ARM Print Size'
arm-xilinx-eabi-size App.elf  |tee "App.elf.size"
   text	   data	    bss	    dec	    hex	filename
  24272	   1208	  22564	  48044	   bbac	App.elf
'Finished building: App.elf.size'
' '
12:20:11 **** Auto Build of configuration Debug for project App ****
make all 
'Building file: ../ljylsr.c'
'Invoking: ARM gcc compiler'
arm-xilinx-eabi-gcc -Wall -O0 -g3 -c -fmessage-length=0 -MT"ljylsr.o" -I../../standalone_bsp_0/ps7_cortexa9_0/include -MMD -MP -MF"ljylsr.d" -MT"ljylsr.d" -o "ljylsr.o" "../ljylsr.c"
In file included from ../../standalone_bsp_0/ps7_cortexa9_0/include/xutil.h:112:0,
                 from ../ljylsr.c:3:
../../standalone_bsp_0/ps7_cortexa9_0/include/xbasic_types.h:115:2: warning: #warning The xbasics_type.h file is deprecated and users should use xil_types.h and xil_assert. [-Wcpp]
 #warning  The xbasics_type.h file is deprecated and users should use xil_types.h and xil_assert.
  ^
../../standalone_bsp_0/ps7_cortexa9_0/include/xbasic_types.h:116:2: warning: #warning Please refer the Standalone BSP UG647 for further details [-Wcpp]
 #warning  Please refer the Standalone BSP UG647 for further details
  ^
../ljylsr.c: In function 'main':
../ljylsr.c:14:6: warning: unused variable 'dat' [-Wunused-variable]
  int dat = 0x01;
      ^
../ljylsr.c:13:15: warning: unused variable 'Delay' [-Wunused-variable]
  volatile int Delay;
               ^
'Finished building: ../ljylsr.c'
' '
'Building target: App.elf'
'Invoking: ARM gcc linker'
arm-xilinx-eabi-gcc -Wl,-T -Wl,../src/lscript.ld -L../../standalone_bsp_0/ps7_cortexa9_0/lib -o "App.elf"  ./ljylsr.o   -Wl,--start-group,-lxil,-lgcc,-lc,--end-group
'Finished building target: App.elf'
' '
'Invoking: ARM Print Size'
arm-xilinx-eabi-size App.elf  |tee "App.elf.size"
   text	   data	    bss	    dec	    hex	filename
  24272	   1208	  22564	  48044	   bbac	App.elf
'Finished building: App.elf.size'
' '
12:20:50 **** Incremental Build of configuration Debug for project App ****
make all 
make: Nothing to be done for `all'.
12:22:59 **** Auto Build of configuration Debug for project App ****
make all 
'Building file: ../ljylsr.c'
'Invoking: ARM gcc compiler'
arm-xilinx-eabi-gcc -Wall -O0 -g3 -c -fmessage-length=0 -MT"ljylsr.o" -I../../standalone_bsp_0/ps7_cortexa9_0/include -MMD -MP -MF"ljylsr.d" -MT"ljylsr.d" -o "ljylsr.o" "../ljylsr.c"
In file included from ../../standalone_bsp_0/ps7_cortexa9_0/include/xutil.h:112:0,
                 from ../ljylsr.c:3:
../../standalone_bsp_0/ps7_cortexa9_0/include/xbasic_types.h:115:2: warning: #warning The xbasics_type.h file is deprecated and users should use xil_types.h and xil_assert. [-Wcpp]
 #warning  The xbasics_type.h file is deprecated and users should use xil_types.h and xil_assert.
  ^
../../standalone_bsp_0/ps7_cortexa9_0/include/xbasic_types.h:116:2: warning: #warning Please refer the Standalone BSP UG647 for further details [-Wcpp]
 #warning  Please refer the Standalone BSP UG647 for further details
  ^
../ljylsr.c: In function 'main':
../ljylsr.c:14:6: warning: unused variable 'dat' [-Wunused-variable]
  int dat = 0x01;
      ^
../ljylsr.c:13:15: warning: unused variable 'Delay' [-Wunused-variable]
  volatile int Delay;
               ^
'Finished building: ../ljylsr.c'
' '
'Building target: App.elf'
'Invoking: ARM gcc linker'
arm-xilinx-eabi-gcc -Wl,-T -Wl,../src/lscript.ld -L../../standalone_bsp_0/ps7_cortexa9_0/lib -o "App.elf"  ./ljylsr.o   -Wl,--start-group,-lxil,-lgcc,-lc,--end-group
'Finished building target: App.elf'
' '
'Invoking: ARM Print Size'
arm-xilinx-eabi-size App.elf  |tee "App.elf.size"
   text	   data	    bss	    dec	    hex	filename
  24336	   1208	  22564	  48108	   bbec	App.elf
'Finished building: App.elf.size'
' '
12:23:43 **** Incremental Build of configuration Debug for project App ****
make all 
make: Nothing to be done for `all'.
12:26:30 **** Auto Build of configuration Debug for project App ****
make all 
'Building file: ../ljylsr.c'
'Invoking: ARM gcc compiler'
arm-xilinx-eabi-gcc -Wall -O0 -g3 -c -fmessage-length=0 -MT"ljylsr.o" -I../../standalone_bsp_0/ps7_cortexa9_0/include -MMD -MP -MF"ljylsr.d" -MT"ljylsr.d" -o "ljylsr.o" "../ljylsr.c"
In file included from ../../standalone_bsp_0/ps7_cortexa9_0/include/xutil.h:112:0,
                 from ../ljylsr.c:3:
../../standalone_bsp_0/ps7_cortexa9_0/include/xbasic_types.h:115:2: warning: #warning The xbasics_type.h file is deprecated and users should use xil_types.h and xil_assert. [-Wcpp]
 #warning  The xbasics_type.h file is deprecated and users should use xil_types.h and xil_assert.
  ^
../../standalone_bsp_0/ps7_cortexa9_0/include/xbasic_types.h:116:2: warning: #warning Please refer the Standalone BSP UG647 for further details [-Wcpp]
 #warning  Please refer the Standalone BSP UG647 for further details
  ^
../ljylsr.c: In function 'main':
../ljylsr.c:14:6: warning: unused variable 'dat' [-Wunused-variable]
  int dat = 0x01;
      ^
../ljylsr.c:13:15: warning: unused variable 'Delay' [-Wunused-variable]
  volatile int Delay;
               ^
'Finished building: ../ljylsr.c'
' '
'Building target: App.elf'
'Invoking: ARM gcc linker'
arm-xilinx-eabi-gcc -Wl,-T -Wl,../src/lscript.ld -L../../standalone_bsp_0/ps7_cortexa9_0/lib -o "App.elf"  ./ljylsr.o   -Wl,--start-group,-lxil,-lgcc,-lc,--end-group
'Finished building target: App.elf'
' '
'Invoking: ARM Print Size'
arm-xilinx-eabi-size App.elf  |tee "App.elf.size"
   text	   data	    bss	    dec	    hex	filename
  24336	   1208	  22564	  48108	   bbec	App.elf
'Finished building: App.elf.size'
' '
12:40:21 **** Incremental Build of configuration Debug for project App ****
make all 
make: Nothing to be done for `all'.
12:49:32 **** Auto Build of configuration Debug for project App ****
make all 
'Building file: ../ljylsr.c'
'Invoking: ARM gcc compiler'
arm-xilinx-eabi-gcc -Wall -O0 -g3 -c -fmessage-length=0 -MT"ljylsr.o" -I../../standalone_bsp_0/ps7_cortexa9_0/include -MMD -MP -MF"ljylsr.d" -MT"ljylsr.d" -o "ljylsr.o" "../ljylsr.c"
In file included from ../../standalone_bsp_0/ps7_cortexa9_0/include/xutil.h:112:0,
                 from ../ljylsr.c:3:
../../standalone_bsp_0/ps7_cortexa9_0/include/xbasic_types.h:115:2: warning: #warning The xbasics_type.h file is deprecated and users should use xil_types.h and xil_assert. [-Wcpp]
 #warning  The xbasics_type.h file is deprecated and users should use xil_types.h and xil_assert.
  ^
../../standalone_bsp_0/ps7_cortexa9_0/include/xbasic_types.h:116:2: warning: #warning Please refer the Standalone BSP UG647 for further details [-Wcpp]
 #warning  Please refer the Standalone BSP UG647 for further details
  ^
'Finished building: ../ljylsr.c'
' '
'Building target: App.elf'
'Invoking: ARM gcc linker'
arm-xilinx-eabi-gcc -Wl,-T -Wl,../src/lscript.ld -L../../standalone_bsp_0/ps7_cortexa9_0/lib -o "App.elf"  ./ljylsr.o   -Wl,--start-group,-lxil,-lgcc,-lc,--end-group
'Finished building target: App.elf'
' '
'Invoking: ARM Print Size'
arm-xilinx-eabi-size App.elf  |tee "App.elf.size"
   text	   data	    bss	    dec	    hex	filename
  24336	   1208	  22564	  48108	   bbec	App.elf
'Finished building: App.elf.size'
' '
16:26:09 **** Incremental Build of configuration Debug for project App ****
make all 
make: Nothing to be done for `all'.
16:36:23 **** Auto Build of configuration Debug for project App ****
make all 
'Building file: ../ljylsr.c'
'Invoking: ARM gcc compiler'
arm-xilinx-eabi-gcc -Wall -O0 -g3 -c -fmessage-length=0 -MT"ljylsr.o" -I../../standalone_bsp_0/ps7_cortexa9_0/include -MMD -MP -MF"ljylsr.d" -MT"ljylsr.d" -o "ljylsr.o" "../ljylsr.c"
In file included from ../../standalone_bsp_0/ps7_cortexa9_0/include/xutil.h:112:0,
                 from ../ljylsr.c:3:
../../standalone_bsp_0/ps7_cortexa9_0/include/xbasic_types.h:115:2: warning: #warning The xbasics_type.h file is deprecated and users should use xil_types.h and xil_assert. [-Wcpp]
 #warning  The xbasics_type.h file is deprecated and users should use xil_types.h and xil_assert.
  ^
../../standalone_bsp_0/ps7_cortexa9_0/include/xbasic_types.h:116:2: warning: #warning Please refer the Standalone BSP UG647 for further details [-Wcpp]
 #warning  Please refer the Standalone BSP UG647 for further details
  ^
../ljylsr.c: In function 'main':
../ljylsr.c:70:5: error: 'for' loop initial declarations are only allowed in C99 mode
     for (int x=0; x<3; i++) {
     ^
../ljylsr.c:70:5: note: use option -std=c99 or -std=gnu99 to compile your code
../ljylsr.c:77:14: error: redefinition of 'x'
     for (int x=0; x<3; i++) {
              ^
../ljylsr.c:70:14: note: previous definition of 'x' was here
     for (int x=0; x<3; i++) {
              ^
../ljylsr.c:77:5: error: 'for' loop initial declarations are only allowed in C99 mode
     for (int x=0; x<3; i++) {
     ^
../ljylsr.c:84:14: error: redefinition of 'x'
     for (int x=0; x<3; i++) {
              ^
../ljylsr.c:77:14: note: previous definition of 'x' was here
     for (int x=0; x<3; i++) {
              ^
../ljylsr.c:84:5: error: 'for' loop initial declarations are only allowed in C99 mode
     for (int x=0; x<3; i++) {
     ^
make: *** [ljylsr.o] ´íÎó 1
16:37:16 **** Auto Build of configuration Debug for project App ****
make all 
'Building file: ../ljylsr.c'
'Invoking: ARM gcc compiler'
arm-xilinx-eabi-gcc -Wall -O0 -g3 -c -fmessage-length=0 -MT"ljylsr.o" -I../../standalone_bsp_0/ps7_cortexa9_0/include -MMD -MP -MF"ljylsr.d" -MT"ljylsr.d" -o "ljylsr.o" "../ljylsr.c"
In file included from ../../standalone_bsp_0/ps7_cortexa9_0/include/xutil.h:112:0,
                 from ../ljylsr.c:3:
../../standalone_bsp_0/ps7_cortexa9_0/include/xbasic_types.h:115:2: warning: #warning The xbasics_type.h file is deprecated and users should use xil_types.h and xil_assert. [-Wcpp]
 #warning  The xbasics_type.h file is deprecated and users should use xil_types.h and xil_assert.
  ^
../../standalone_bsp_0/ps7_cortexa9_0/include/xbasic_types.h:116:2: warning: #warning Please refer the Standalone BSP UG647 for further details [-Wcpp]
 #warning  Please refer the Standalone BSP UG647 for further details
  ^
'Finished building: ../ljylsr.c'
' '
'Building target: App.elf'
'Invoking: ARM gcc linker'
arm-xilinx-eabi-gcc -Wl,-T -Wl,../src/lscript.ld -L../../standalone_bsp_0/ps7_cortexa9_0/lib -o "App.elf"  ./ljylsr.o   -Wl,--start-group,-lxil,-lgcc,-lc,--end-group
'Finished building target: App.elf'
' '
'Invoking: ARM Print Size'
arm-xilinx-eabi-size App.elf  |tee "App.elf.size"
   text	   data	    bss	    dec	    hex	filename
  24720	   1208	  22564	  48492	   bd6c	App.elf
'Finished building: App.elf.size'
' '
16:38:33 **** Incremental Build of configuration Debug for project App ****
make all 
make: Nothing to be done for `all'.
16:40:52 **** Auto Build of configuration Debug for project App ****
make all 
'Building file: ../ljylsr.c'
'Invoking: ARM gcc compiler'
arm-xilinx-eabi-gcc -Wall -O0 -g3 -c -fmessage-length=0 -MT"ljylsr.o" -I../../standalone_bsp_0/ps7_cortexa9_0/include -MMD -MP -MF"ljylsr.d" -MT"ljylsr.d" -o "ljylsr.o" "../ljylsr.c"
In file included from ../../standalone_bsp_0/ps7_cortexa9_0/include/xutil.h:112:0,
                 from ../ljylsr.c:3:
../../standalone_bsp_0/ps7_cortexa9_0/include/xbasic_types.h:115:2: warning: #warning The xbasics_type.h file is deprecated and users should use xil_types.h and xil_assert. [-Wcpp]
 #warning  The xbasics_type.h file is deprecated and users should use xil_types.h and xil_assert.
  ^
../../standalone_bsp_0/ps7_cortexa9_0/include/xbasic_types.h:116:2: warning: #warning Please refer the Standalone BSP UG647 for further details [-Wcpp]
 #warning  Please refer the Standalone BSP UG647 for further details
  ^
../ljylsr.c: In function 'main':
../ljylsr.c:20:11: warning: unused variable 'x' [-Wunused-variable]
     int i,x,psb_check,pss_check;
           ^
../ljylsr.c:20:9: warning: unused variable 'i' [-Wunused-variable]
     int i,x,psb_check,pss_check;
         ^
'Finished building: ../ljylsr.c'
' '
'Building target: App.elf'
'Invoking: ARM gcc linker'
arm-xilinx-eabi-gcc -Wl,-T -Wl,../src/lscript.ld -L../../standalone_bsp_0/ps7_cortexa9_0/lib -o "App.elf"  ./ljylsr.o   -Wl,--start-group,-lxil,-lgcc,-lc,--end-group
'Finished building target: App.elf'
' '
'Invoking: ARM Print Size'
arm-xilinx-eabi-size App.elf  |tee "App.elf.size"
   text	   data	    bss	    dec	    hex	filename
  24400	   1208	  22564	  48172	   bc2c	App.elf
'Finished building: App.elf.size'
' '
16:43:12 **** Incremental Build of configuration Debug for project App ****
make all 
make: Nothing to be done for `all'.
16:44:45 **** Auto Build of configuration Debug for project App ****
make all 
'Building file: ../ljylsr.c'
'Invoking: ARM gcc compiler'
arm-xilinx-eabi-gcc -Wall -O0 -g3 -c -fmessage-length=0 -MT"ljylsr.o" -I../../standalone_bsp_0/ps7_cortexa9_0/include -MMD -MP -MF"ljylsr.d" -MT"ljylsr.d" -o "ljylsr.o" "../ljylsr.c"
In file included from ../../standalone_bsp_0/ps7_cortexa9_0/include/xutil.h:112:0,
                 from ../ljylsr.c:3:
../../standalone_bsp_0/ps7_cortexa9_0/include/xbasic_types.h:115:2: warning: #warning The xbasics_type.h file is deprecated and users should use xil_types.h and xil_assert. [-Wcpp]
 #warning  The xbasics_type.h file is deprecated and users should use xil_types.h and xil_assert.
  ^
../../standalone_bsp_0/ps7_cortexa9_0/include/xbasic_types.h:116:2: warning: #warning Please refer the Standalone BSP UG647 for further details [-Wcpp]
 #warning  Please refer the Standalone BSP UG647 for further details
  ^
../ljylsr.c: In function 'main':
../ljylsr.c:20:11: warning: unused variable 'x' [-Wunused-variable]
     int i,x,psb_check,pss_check;
           ^
../ljylsr.c:20:9: warning: unused variable 'i' [-Wunused-variable]
     int i,x,psb_check,pss_check;
         ^
'Finished building: ../ljylsr.c'
' '
'Building target: App.elf'
'Invoking: ARM gcc linker'
arm-xilinx-eabi-gcc -Wl,-T -Wl,../src/lscript.ld -L../../standalone_bsp_0/ps7_cortexa9_0/lib -o "App.elf"  ./ljylsr.o   -Wl,--start-group,-lxil,-lgcc,-lc,--end-group
'Finished building target: App.elf'
' '
'Invoking: ARM Print Size'
arm-xilinx-eabi-size App.elf  |tee "App.elf.size"
   text	   data	    bss	    dec	    hex	filename
  24400	   1208	  22564	  48172	   bc2c	App.elf
'Finished building: App.elf.size'
' '
16:44:58 **** Auto Build of configuration Debug for project App ****
make all 
'Building file: ../ljylsr.c'
'Invoking: ARM gcc compiler'
arm-xilinx-eabi-gcc -Wall -O0 -g3 -c -fmessage-length=0 -MT"ljylsr.o" -I../../standalone_bsp_0/ps7_cortexa9_0/include -MMD -MP -MF"ljylsr.d" -MT"ljylsr.d" -o "ljylsr.o" "../ljylsr.c"
In file included from ../../standalone_bsp_0/ps7_cortexa9_0/include/xutil.h:112:0,
                 from ../ljylsr.c:3:
../../standalone_bsp_0/ps7_cortexa9_0/include/xbasic_types.h:115:2: warning: #warning The xbasics_type.h file is deprecated and users should use xil_types.h and xil_assert. [-Wcpp]
 #warning  The xbasics_type.h file is deprecated and users should use xil_types.h and xil_assert.
  ^
../../standalone_bsp_0/ps7_cortexa9_0/include/xbasic_types.h:116:2: warning: #warning Please refer the Standalone BSP UG647 for further details [-Wcpp]
 #warning  Please refer the Standalone BSP UG647 for further details
  ^
../ljylsr.c: In function 'main':
../ljylsr.c:20:11: warning: unused variable 'x' [-Wunused-variable]
     int i,x,psb_check,pss_check;
           ^
../ljylsr.c:20:9: warning: unused variable 'i' [-Wunused-variable]
     int i,x,psb_check,pss_check;
         ^
'Finished building: ../ljylsr.c'
' '
'Building target: App.elf'
'Invoking: ARM gcc linker'
arm-xilinx-eabi-gcc -Wl,-T -Wl,../src/lscript.ld -L../../standalone_bsp_0/ps7_cortexa9_0/lib -o "App.elf"  ./ljylsr.o   -Wl,--start-group,-lxil,-lgcc,-lc,--end-group
'Finished building target: App.elf'
' '
'Invoking: ARM Print Size'
arm-xilinx-eabi-size App.elf  |tee "App.elf.size"
   text	   data	    bss	    dec	    hex	filename
  24400	   1208	  22564	  48172	   bc2c	App.elf
'Finished building: App.elf.size'
' '
16:46:14 **** Incremental Build of configuration Debug for project App ****
make all 
make: Nothing to be done for `all'.
16:47:16 **** Auto Build of configuration Debug for project App ****
make all 
'Building file: ../ljylsr.c'
'Invoking: ARM gcc compiler'
arm-xilinx-eabi-gcc -Wall -O0 -g3 -c -fmessage-length=0 -MT"ljylsr.o" -I../../standalone_bsp_0/ps7_cortexa9_0/include -MMD -MP -MF"ljylsr.d" -MT"ljylsr.d" -o "ljylsr.o" "../ljylsr.c"
In file included from ../../standalone_bsp_0/ps7_cortexa9_0/include/xutil.h:112:0,
                 from ../ljylsr.c:3:
../../standalone_bsp_0/ps7_cortexa9_0/include/xbasic_types.h:115:2: warning: #warning The xbasics_type.h file is deprecated and users should use xil_types.h and xil_assert. [-Wcpp]
 #warning  The xbasics_type.h file is deprecated and users should use xil_types.h and xil_assert.
  ^
../../standalone_bsp_0/ps7_cortexa9_0/include/xbasic_types.h:116:2: warning: #warning Please refer the Standalone BSP UG647 for further details [-Wcpp]
 #warning  Please refer the Standalone BSP UG647 for further details
  ^
'Finished building: ../ljylsr.c'
' '
'Building target: App.elf'
'Invoking: ARM gcc linker'
arm-xilinx-eabi-gcc -Wl,-T -Wl,../src/lscript.ld -L../../standalone_bsp_0/ps7_cortexa9_0/lib -o "App.elf"  ./ljylsr.o   -Wl,--start-group,-lxil,-lgcc,-lc,--end-group
'Finished building target: App.elf'
' '
'Invoking: ARM Print Size'
arm-xilinx-eabi-size App.elf  |tee "App.elf.size"
   text	   data	    bss	    dec	    hex	filename
  24720	   1208	  22564	  48492	   bd6c	App.elf
'Finished building: App.elf.size'
' '
16:48:10 **** Incremental Build of configuration Debug for project App ****
make all 
make: Nothing to be done for `all'.
16:49:11 **** Auto Build of configuration Debug for project App ****
make all 
'Building file: ../ljylsr.c'
'Invoking: ARM gcc compiler'
arm-xilinx-eabi-gcc -Wall -O0 -g3 -c -fmessage-length=0 -MT"ljylsr.o" -I../../standalone_bsp_0/ps7_cortexa9_0/include -MMD -MP -MF"ljylsr.d" -MT"ljylsr.d" -o "ljylsr.o" "../ljylsr.c"
In file included from ../../standalone_bsp_0/ps7_cortexa9_0/include/xutil.h:112:0,
                 from ../ljylsr.c:3:
../../standalone_bsp_0/ps7_cortexa9_0/include/xbasic_types.h:115:2: warning: #warning The xbasics_type.h file is deprecated and users should use xil_types.h and xil_assert. [-Wcpp]
 #warning  The xbasics_type.h file is deprecated and users should use xil_types.h and xil_assert.
  ^
../../standalone_bsp_0/ps7_cortexa9_0/include/xbasic_types.h:116:2: warning: #warning Please refer the Standalone BSP UG647 for further details [-Wcpp]
 #warning  Please refer the Standalone BSP UG647 for further details
  ^
'Finished building: ../ljylsr.c'
' '
'Building target: App.elf'
'Invoking: ARM gcc linker'
arm-xilinx-eabi-gcc -Wl,-T -Wl,../src/lscript.ld -L../../standalone_bsp_0/ps7_cortexa9_0/lib -o "App.elf"  ./ljylsr.o   -Wl,--start-group,-lxil,-lgcc,-lc,--end-group
'Finished building target: App.elf'
' '
'Invoking: ARM Print Size'
arm-xilinx-eabi-size App.elf  |tee "App.elf.size"
   text	   data	    bss	    dec	    hex	filename
  24720	   1208	  22564	  48492	   bd6c	App.elf
'Finished building: App.elf.size'
' '
16:50:19 **** Incremental Build of configuration Debug for project App ****
make all 
make: Nothing to be done for `all'.
16:51:03 **** Auto Build of configuration Debug for project App ****
make all 
'Building file: ../ljylsr.c'
'Invoking: ARM gcc compiler'
arm-xilinx-eabi-gcc -Wall -O0 -g3 -c -fmessage-length=0 -MT"ljylsr.o" -I../../standalone_bsp_0/ps7_cortexa9_0/include -MMD -MP -MF"ljylsr.d" -MT"ljylsr.d" -o "ljylsr.o" "../ljylsr.c"
In file included from ../../standalone_bsp_0/ps7_cortexa9_0/include/xutil.h:112:0,
                 from ../ljylsr.c:3:
../../standalone_bsp_0/ps7_cortexa9_0/include/xbasic_types.h:115:2: warning: #warning The xbasics_type.h file is deprecated and users should use xil_types.h and xil_assert. [-Wcpp]
 #warning  The xbasics_type.h file is deprecated and users should use xil_types.h and xil_assert.
  ^
../../standalone_bsp_0/ps7_cortexa9_0/include/xbasic_types.h:116:2: warning: #warning Please refer the Standalone BSP UG647 for further details [-Wcpp]
 #warning  Please refer the Standalone BSP UG647 for further details
  ^
../ljylsr.c: In function 'main':
../ljylsr.c:20:9: warning: unused variable 'i' [-Wunused-variable]
     int i,x,psb_check,pss_check;
         ^
'Finished building: ../ljylsr.c'
' '
'Building target: App.elf'
'Invoking: ARM gcc linker'
arm-xilinx-eabi-gcc -Wl,-T -Wl,../src/lscript.ld -L../../standalone_bsp_0/ps7_cortexa9_0/lib -o "App.elf"  ./ljylsr.o   -Wl,--start-group,-lxil,-lgcc,-lc,--end-group
'Finished building target: App.elf'
' '
'Invoking: ARM Print Size'
arm-xilinx-eabi-size App.elf  |tee "App.elf.size"
   text	   data	    bss	    dec	    hex	filename
  24720	   1208	  22564	  48492	   bd6c	App.elf
'Finished building: App.elf.size'
' '
16:51:57 **** Incremental Build of configuration Debug for project App ****
make all 
make: Nothing to be done for `all'.
17:00:22 **** Auto Build of configuration Debug for project App ****
make all 
'Building file: ../ljylsr.c'
'Invoking: ARM gcc compiler'
arm-xilinx-eabi-gcc -Wall -O0 -g3 -c -fmessage-length=0 -MT"ljylsr.o" -I../../standalone_bsp_0/ps7_cortexa9_0/include -MMD -MP -MF"ljylsr.d" -MT"ljylsr.d" -o "ljylsr.o" "../ljylsr.c"
In file included from ../../standalone_bsp_0/ps7_cortexa9_0/include/xutil.h:112:0,
                 from ../ljylsr.c:3:
../../standalone_bsp_0/ps7_cortexa9_0/include/xbasic_types.h:115:2: warning: #warning The xbasics_type.h file is deprecated and users should use xil_types.h and xil_assert. [-Wcpp]
 #warning  The xbasics_type.h file is deprecated and users should use xil_types.h and xil_assert.
  ^
../../standalone_bsp_0/ps7_cortexa9_0/include/xbasic_types.h:116:2: warning: #warning Please refer the Standalone BSP UG647 for further details [-Wcpp]
 #warning  Please refer the Standalone BSP UG647 for further details
  ^
../ljylsr.c: In function 'main':
../ljylsr.c:20:9: warning: unused variable 'i' [-Wunused-variable]
     int i,x,psb_check,pss_check;
         ^
'Finished building: ../ljylsr.c'
' '
'Building target: App.elf'
'Invoking: ARM gcc linker'
arm-xilinx-eabi-gcc -Wl,-T -Wl,../src/lscript.ld -L../../standalone_bsp_0/ps7_cortexa9_0/lib -o "App.elf"  ./ljylsr.o   -Wl,--start-group,-lxil,-lgcc,-lc,--end-group
'Finished building target: App.elf'
' '
'Invoking: ARM Print Size'
arm-xilinx-eabi-size App.elf  |tee "App.elf.size"
   text	   data	    bss	    dec	    hex	filename
  24784	   1208	  22564	  48556	   bdac	App.elf
'Finished building: App.elf.size'
' '
17:04:16 **** Auto Build of configuration Debug for project App ****
make all 
'Building file: ../ljylsr.c'
'Invoking: ARM gcc compiler'
arm-xilinx-eabi-gcc -Wall -O0 -g3 -c -fmessage-length=0 -MT"ljylsr.o" -I../../standalone_bsp_0/ps7_cortexa9_0/include -MMD -MP -MF"ljylsr.d" -MT"ljylsr.d" -o "ljylsr.o" "../ljylsr.c"
In file included from ../../standalone_bsp_0/ps7_cortexa9_0/include/xutil.h:112:0,
                 from ../ljylsr.c:3:
../../standalone_bsp_0/ps7_cortexa9_0/include/xbasic_types.h:115:2: warning: #warning The xbasics_type.h file is deprecated and users should use xil_types.h and xil_assert. [-Wcpp]
 #warning  The xbasics_type.h file is deprecated and users should use xil_types.h and xil_assert.
  ^
../../standalone_bsp_0/ps7_cortexa9_0/include/xbasic_types.h:116:2: warning: #warning Please refer the Standalone BSP UG647 for further details [-Wcpp]
 #warning  Please refer the Standalone BSP UG647 for further details
  ^
../ljylsr.c: In function 'main':
../ljylsr.c:20:9: warning: unused variable 'i' [-Wunused-variable]
     int i,x,psb_check,pss_check;
         ^
'Finished building: ../ljylsr.c'
' '
'Building target: App.elf'
'Invoking: ARM gcc linker'
arm-xilinx-eabi-gcc -Wl,-T -Wl,../src/lscript.ld -L../../standalone_bsp_0/ps7_cortexa9_0/lib -o "App.elf"  ./ljylsr.o   -Wl,--start-group,-lxil,-lgcc,-lc,--end-group
'Finished building target: App.elf'
' '
'Invoking: ARM Print Size'
arm-xilinx-eabi-size App.elf  |tee "App.elf.size"
   text	   data	    bss	    dec	    hex	filename
  24848	   1208	  22564	  48620	   bdec	App.elf
'Finished building: App.elf.size'
' '
17:05:22 **** Incremental Build of configuration Debug for project App ****
make all 
make: Nothing to be done for `all'.
17:06:31 **** Auto Build of configuration Debug for project App ****
make all 
'Building file: ../ljylsr.c'
'Invoking: ARM gcc compiler'
arm-xilinx-eabi-gcc -Wall -O0 -g3 -c -fmessage-length=0 -MT"ljylsr.o" -I../../standalone_bsp_0/ps7_cortexa9_0/include -MMD -MP -MF"ljylsr.d" -MT"ljylsr.d" -o "ljylsr.o" "../ljylsr.c"
In file included from ../../standalone_bsp_0/ps7_cortexa9_0/include/xutil.h:112:0,
                 from ../ljylsr.c:3:
../../standalone_bsp_0/ps7_cortexa9_0/include/xbasic_types.h:115:2: warning: #warning The xbasics_type.h file is deprecated and users should use xil_types.h and xil_assert. [-Wcpp]
 #warning  The xbasics_type.h file is deprecated and users should use xil_types.h and xil_assert.
  ^
../../standalone_bsp_0/ps7_cortexa9_0/include/xbasic_types.h:116:2: warning: #warning Please refer the Standalone BSP UG647 for further details [-Wcpp]
 #warning  Please refer the Standalone BSP UG647 for further details
  ^
../ljylsr.c: In function 'main':
../ljylsr.c:20:9: warning: unused variable 'i' [-Wunused-variable]
     int i,x,psb_check,pss_check;
         ^
'Finished building: ../ljylsr.c'
' '
'Building target: App.elf'
'Invoking: ARM gcc linker'
arm-xilinx-eabi-gcc -Wl,-T -Wl,../src/lscript.ld -L../../standalone_bsp_0/ps7_cortexa9_0/lib -o "App.elf"  ./ljylsr.o   -Wl,--start-group,-lxil,-lgcc,-lc,--end-group
'Finished building target: App.elf'
' '
'Invoking: ARM Print Size'
arm-xilinx-eabi-size App.elf  |tee "App.elf.size"
   text	   data	    bss	    dec	    hex	filename
  24848	   1208	  22564	  48620	   bdec	App.elf
'Finished building: App.elf.size'
' '
17:08:11 **** Incremental Build of configuration Debug for project App ****
make all 
make: Nothing to be done for `all'.
17:10:18 **** Incremental Build of configuration Debug for project App ****
make all 
make: Nothing to be done for `all'.
17:10:54 **** Auto Build of configuration Debug for project App ****
make all 
'Building file: ../ljylsr.c'
'Invoking: ARM gcc compiler'
arm-xilinx-eabi-gcc -Wall -O0 -g3 -c -fmessage-length=0 -MT"ljylsr.o" -I../../standalone_bsp_0/ps7_cortexa9_0/include -MMD -MP -MF"ljylsr.d" -MT"ljylsr.d" -o "ljylsr.o" "../ljylsr.c"
In file included from ../../standalone_bsp_0/ps7_cortexa9_0/include/xutil.h:112:0,
                 from ../ljylsr.c:3:
../../standalone_bsp_0/ps7_cortexa9_0/include/xbasic_types.h:115:2: warning: #warning The xbasics_type.h file is deprecated and users should use xil_types.h and xil_assert. [-Wcpp]
 #warning  The xbasics_type.h file is deprecated and users should use xil_types.h and xil_assert.
  ^
../../standalone_bsp_0/ps7_cortexa9_0/include/xbasic_types.h:116:2: warning: #warning Please refer the Standalone BSP UG647 for further details [-Wcpp]
 #warning  Please refer the Standalone BSP UG647 for further details
  ^
../ljylsr.c: In function 'main':
../ljylsr.c:20:9: warning: unused variable 'i' [-Wunused-variable]
     int i,x,psb_check,pss_check;
         ^
'Finished building: ../ljylsr.c'
' '
'Building target: App.elf'
'Invoking: ARM gcc linker'
arm-xilinx-eabi-gcc -Wl,-T -Wl,../src/lscript.ld -L../../standalone_bsp_0/ps7_cortexa9_0/lib -o "App.elf"  ./ljylsr.o   -Wl,--start-group,-lxil,-lgcc,-lc,--end-group
'Finished building target: App.elf'
' '
'Invoking: ARM Print Size'
arm-xilinx-eabi-size App.elf  |tee "App.elf.size"
   text	   data	    bss	    dec	    hex	filename
  24848	   1208	  22564	  48620	   bdec	App.elf
'Finished building: App.elf.size'
' '
17:12:11 **** Incremental Build of configuration Debug for project App ****
make all 
make: Nothing to be done for `all'.
17:12:57 **** Auto Build of configuration Debug for project App ****
make all 
'Building file: ../ljylsr.c'
'Invoking: ARM gcc compiler'
arm-xilinx-eabi-gcc -Wall -O0 -g3 -c -fmessage-length=0 -MT"ljylsr.o" -I../../standalone_bsp_0/ps7_cortexa9_0/include -MMD -MP -MF"ljylsr.d" -MT"ljylsr.d" -o "ljylsr.o" "../ljylsr.c"
In file included from ../../standalone_bsp_0/ps7_cortexa9_0/include/xutil.h:112:0,
                 from ../ljylsr.c:3:
../../standalone_bsp_0/ps7_cortexa9_0/include/xbasic_types.h:115:2: warning: #warning The xbasics_type.h file is deprecated and users should use xil_types.h and xil_assert. [-Wcpp]
 #warning  The xbasics_type.h file is deprecated and users should use xil_types.h and xil_assert.
  ^
../../standalone_bsp_0/ps7_cortexa9_0/include/xbasic_types.h:116:2: warning: #warning Please refer the Standalone BSP UG647 for further details [-Wcpp]
 #warning  Please refer the Standalone BSP UG647 for further details
  ^
../ljylsr.c: In function 'main':
../ljylsr.c:22:6: warning: unused variable 'count' [-Wunused-variable]
  int count=0;
      ^
../ljylsr.c:20:11: warning: unused variable 'x' [-Wunused-variable]
     int i,x,psb_check,pss_check;
           ^
../ljylsr.c:20:9: warning: unused variable 'i' [-Wunused-variable]
     int i,x,psb_check,pss_check;
         ^
'Finished building: ../ljylsr.c'
' '
'Building target: App.elf'
'Invoking: ARM gcc linker'
arm-xilinx-eabi-gcc -Wl,-T -Wl,../src/lscript.ld -L../../standalone_bsp_0/ps7_cortexa9_0/lib -o "App.elf"  ./ljylsr.o   -Wl,--start-group,-lxil,-lgcc,-lc,--end-group
'Finished building target: App.elf'
' '
'Invoking: ARM Print Size'
arm-xilinx-eabi-size App.elf  |tee "App.elf.size"
   text	   data	    bss	    dec	    hex	filename
  24144	   1208	  22564	  47916	   bb2c	App.elf
'Finished building: App.elf.size'
' '
17:13:52 **** Incremental Build of configuration Debug for project App ****
make all 
make: Nothing to be done for `all'.
17:15:08 **** Auto Build of configuration Debug for project App ****
make all 
'Building file: ../ljylsr.c'
'Invoking: ARM gcc compiler'
arm-xilinx-eabi-gcc -Wall -O0 -g3 -c -fmessage-length=0 -MT"ljylsr.o" -I../../standalone_bsp_0/ps7_cortexa9_0/include -MMD -MP -MF"ljylsr.d" -MT"ljylsr.d" -o "ljylsr.o" "../ljylsr.c"
In file included from ../../standalone_bsp_0/ps7_cortexa9_0/include/xutil.h:112:0,
                 from ../ljylsr.c:3:
../../standalone_bsp_0/ps7_cortexa9_0/include/xbasic_types.h:115:2: warning: #warning The xbasics_type.h file is deprecated and users should use xil_types.h and xil_assert. [-Wcpp]
 #warning  The xbasics_type.h file is deprecated and users should use xil_types.h and xil_assert.
  ^
../../standalone_bsp_0/ps7_cortexa9_0/include/xbasic_types.h:116:2: warning: #warning Please refer the Standalone BSP UG647 for further details [-Wcpp]
 #warning  Please refer the Standalone BSP UG647 for further details
  ^
../ljylsr.c: In function 'main':
../ljylsr.c:22:6: warning: unused variable 'count' [-Wunused-variable]
  int count=0;
      ^
../ljylsr.c:20:11: warning: unused variable 'x' [-Wunused-variable]
     int i,x,psb_check,pss_check;
           ^
../ljylsr.c:20:9: warning: unused variable 'i' [-Wunused-variable]
     int i,x,psb_check,pss_check;
         ^
'Finished building: ../ljylsr.c'
' '
'Building target: App.elf'
'Invoking: ARM gcc linker'
arm-xilinx-eabi-gcc -Wl,-T -Wl,../src/lscript.ld -L../../standalone_bsp_0/ps7_cortexa9_0/lib -o "App.elf"  ./ljylsr.o   -Wl,--start-group,-lxil,-lgcc,-lc,--end-group
'Finished building target: App.elf'
' '
'Invoking: ARM Print Size'
arm-xilinx-eabi-size App.elf  |tee "App.elf.size"
   text	   data	    bss	    dec	    hex	filename
  24144	   1208	  22564	  47916	   bb2c	App.elf
'Finished building: App.elf.size'
' '
17:15:37 **** Auto Build of configuration Debug for project App ****
make all 
'Building file: ../ljylsr.c'
'Invoking: ARM gcc compiler'
arm-xilinx-eabi-gcc -Wall -O0 -g3 -c -fmessage-length=0 -MT"ljylsr.o" -I../../standalone_bsp_0/ps7_cortexa9_0/include -MMD -MP -MF"ljylsr.d" -MT"ljylsr.d" -o "ljylsr.o" "../ljylsr.c"
In file included from ../../standalone_bsp_0/ps7_cortexa9_0/include/xutil.h:112:0,
                 from ../ljylsr.c:3:
../../standalone_bsp_0/ps7_cortexa9_0/include/xbasic_types.h:115:2: warning: #warning The xbasics_type.h file is deprecated and users should use xil_types.h and xil_assert. [-Wcpp]
 #warning  The xbasics_type.h file is deprecated and users should use xil_types.h and xil_assert.
  ^
../../standalone_bsp_0/ps7_cortexa9_0/include/xbasic_types.h:116:2: warning: #warning Please refer the Standalone BSP UG647 for further details [-Wcpp]
 #warning  Please refer the Standalone BSP UG647 for further details
  ^
../ljylsr.c: In function 'main':
../ljylsr.c:22:6: warning: unused variable 'count' [-Wunused-variable]
  int count=0;
      ^
../ljylsr.c:20:11: warning: unused variable 'x' [-Wunused-variable]
     int i,x,psb_check,pss_check;
           ^
'Finished building: ../ljylsr.c'
' '
'Building target: App.elf'
'Invoking: ARM gcc linker'
arm-xilinx-eabi-gcc -Wl,-T -Wl,../src/lscript.ld -L../../standalone_bsp_0/ps7_cortexa9_0/lib -o "App.elf"  ./ljylsr.o   -Wl,--start-group,-lxil,-lgcc,-lc,--end-group
'Finished building target: App.elf'
' '
'Invoking: ARM Print Size'
arm-xilinx-eabi-size App.elf  |tee "App.elf.size"
   text	   data	    bss	    dec	    hex	filename
  24208	   1208	  22564	  47980	   bb6c	App.elf
'Finished building: App.elf.size'
' '
17:16:50 **** Incremental Build of configuration Debug for project App ****
make all 
make: Nothing to be done for `all'.
17:21:49 **** Incremental Build of configuration Debug for project App ****
make all 
make: Nothing to be done for `all'.
17:23:24 **** Auto Build of configuration Debug for project App ****
make all 
'Building file: ../ljylsr.c'
'Invoking: ARM gcc compiler'
arm-xilinx-eabi-gcc -Wall -O0 -g3 -c -fmessage-length=0 -MT"ljylsr.o" -I../../standalone_bsp_0/ps7_cortexa9_0/include -MMD -MP -MF"ljylsr.d" -MT"ljylsr.d" -o "ljylsr.o" "../ljylsr.c"
In file included from ../../standalone_bsp_0/ps7_cortexa9_0/include/xutil.h:112:0,
                 from ../ljylsr.c:3:
../../standalone_bsp_0/ps7_cortexa9_0/include/xbasic_types.h:115:2: warning: #warning The xbasics_type.h file is deprecated and users should use xil_types.h and xil_assert. [-Wcpp]
 #warning  The xbasics_type.h file is deprecated and users should use xil_types.h and xil_assert.
  ^
../../standalone_bsp_0/ps7_cortexa9_0/include/xbasic_types.h:116:2: warning: #warning Please refer the Standalone BSP UG647 for further details [-Wcpp]
 #warning  Please refer the Standalone BSP UG647 for further details
  ^
../ljylsr.c: In function 'main':
../ljylsr.c:20:11: warning: unused variable 'x' [-Wunused-variable]
     int i,x,psb_check,pss_check;
           ^
'Finished building: ../ljylsr.c'
' '
'Building target: App.elf'
'Invoking: ARM gcc linker'
arm-xilinx-eabi-gcc -Wl,-T -Wl,../src/lscript.ld -L../../standalone_bsp_0/ps7_cortexa9_0/lib -o "App.elf"  ./ljylsr.o   -Wl,--start-group,-lxil,-lgcc,-lc,--end-group
'Finished building target: App.elf'
' '
'Invoking: ARM Print Size'
arm-xilinx-eabi-size App.elf  |tee "App.elf.size"
   text	   data	    bss	    dec	    hex	filename
  24272	   1208	  22564	  48044	   bbac	App.elf
'Finished building: App.elf.size'
' '
17:24:27 **** Incremental Build of configuration Debug for project App ****
make all 
make: Nothing to be done for `all'.
17:24:52 **** Auto Build of configuration Debug for project App ****
make all 
'Building file: ../ljylsr.c'
'Invoking: ARM gcc compiler'
arm-xilinx-eabi-gcc -Wall -O0 -g3 -c -fmessage-length=0 -MT"ljylsr.o" -I../../standalone_bsp_0/ps7_cortexa9_0/include -MMD -MP -MF"ljylsr.d" -MT"ljylsr.d" -o "ljylsr.o" "../ljylsr.c"
In file included from ../../standalone_bsp_0/ps7_cortexa9_0/include/xutil.h:112:0,
                 from ../ljylsr.c:3:
../../standalone_bsp_0/ps7_cortexa9_0/include/xbasic_types.h:115:2: warning: #warning The xbasics_type.h file is deprecated and users should use xil_types.h and xil_assert. [-Wcpp]
 #warning  The xbasics_type.h file is deprecated and users should use xil_types.h and xil_assert.
  ^
../../standalone_bsp_0/ps7_cortexa9_0/include/xbasic_types.h:116:2: warning: #warning Please refer the Standalone BSP UG647 for further details [-Wcpp]
 #warning  Please refer the Standalone BSP UG647 for further details
  ^
../ljylsr.c: In function 'main':
../ljylsr.c:20:11: warning: unused variable 'x' [-Wunused-variable]
     int i,x,psb_check,pss_check;
           ^
'Finished building: ../ljylsr.c'
' '
'Building target: App.elf'
'Invoking: ARM gcc linker'
arm-xilinx-eabi-gcc -Wl,-T -Wl,../src/lscript.ld -L../../standalone_bsp_0/ps7_cortexa9_0/lib -o "App.elf"  ./ljylsr.o   -Wl,--start-group,-lxil,-lgcc,-lc,--end-group
'Finished building target: App.elf'
' '
'Invoking: ARM Print Size'
arm-xilinx-eabi-size App.elf  |tee "App.elf.size"
   text	   data	    bss	    dec	    hex	filename
  24272	   1208	  22564	  48044	   bbac	App.elf
'Finished building: App.elf.size'
' '
17:25:45 **** Incremental Build of configuration Debug for project App ****
make all 
make: Nothing to be done for `all'.
17:26:22 **** Auto Build of configuration Debug for project App ****
make all 
'Building file: ../ljylsr.c'
'Invoking: ARM gcc compiler'
arm-xilinx-eabi-gcc -Wall -O0 -g3 -c -fmessage-length=0 -MT"ljylsr.o" -I../../standalone_bsp_0/ps7_cortexa9_0/include -MMD -MP -MF"ljylsr.d" -MT"ljylsr.d" -o "ljylsr.o" "../ljylsr.c"
In file included from ../../standalone_bsp_0/ps7_cortexa9_0/include/xutil.h:112:0,
                 from ../ljylsr.c:3:
../../standalone_bsp_0/ps7_cortexa9_0/include/xbasic_types.h:115:2: warning: #warning The xbasics_type.h file is deprecated and users should use xil_types.h and xil_assert. [-Wcpp]
 #warning  The xbasics_type.h file is deprecated and users should use xil_types.h and xil_assert.
  ^
../../standalone_bsp_0/ps7_cortexa9_0/include/xbasic_types.h:116:2: warning: #warning Please refer the Standalone BSP UG647 for further details [-Wcpp]
 #warning  Please refer the Standalone BSP UG647 for further details
  ^
../ljylsr.c: In function 'main':
../ljylsr.c:20:11: warning: unused variable 'x' [-Wunused-variable]
     int i,x,psb_check,pss_check;
           ^
'Finished building: ../ljylsr.c'
' '
'Building target: App.elf'
'Invoking: ARM gcc linker'
arm-xilinx-eabi-gcc -Wl,-T -Wl,../src/lscript.ld -L../../standalone_bsp_0/ps7_cortexa9_0/lib -o "App.elf"  ./ljylsr.o   -Wl,--start-group,-lxil,-lgcc,-lc,--end-group
'Finished building target: App.elf'
' '
'Invoking: ARM Print Size'
arm-xilinx-eabi-size App.elf  |tee "App.elf.size"
   text	   data	    bss	    dec	    hex	filename
  24272	   1208	  22564	  48044	   bbac	App.elf
'Finished building: App.elf.size'
' '
17:27:13 **** Incremental Build of configuration Debug for project App ****
make all 
make: Nothing to be done for `all'.
17:27:51 **** Auto Build of configuration Debug for project App ****
make all 
'Building file: ../ljylsr.c'
'Invoking: ARM gcc compiler'
arm-xilinx-eabi-gcc -Wall -O0 -g3 -c -fmessage-length=0 -MT"ljylsr.o" -I../../standalone_bsp_0/ps7_cortexa9_0/include -MMD -MP -MF"ljylsr.d" -MT"ljylsr.d" -o "ljylsr.o" "../ljylsr.c"
In file included from ../../standalone_bsp_0/ps7_cortexa9_0/include/xutil.h:112:0,
                 from ../ljylsr.c:3:
../../standalone_bsp_0/ps7_cortexa9_0/include/xbasic_types.h:115:2: warning: #warning The xbasics_type.h file is deprecated and users should use xil_types.h and xil_assert. [-Wcpp]
 #warning  The xbasics_type.h file is deprecated and users should use xil_types.h and xil_assert.
  ^
../../standalone_bsp_0/ps7_cortexa9_0/include/xbasic_types.h:116:2: warning: #warning Please refer the Standalone BSP UG647 for further details [-Wcpp]
 #warning  Please refer the Standalone BSP UG647 for further details
  ^
../ljylsr.c: In function 'main':
../ljylsr.c:20:11: warning: unused variable 'x' [-Wunused-variable]
     int i,x,psb_check,pss_check;
           ^
'Finished building: ../ljylsr.c'
' '
'Building target: App.elf'
'Invoking: ARM gcc linker'
arm-xilinx-eabi-gcc -Wl,-T -Wl,../src/lscript.ld -L../../standalone_bsp_0/ps7_cortexa9_0/lib -o "App.elf"  ./ljylsr.o   -Wl,--start-group,-lxil,-lgcc,-lc,--end-group
'Finished building target: App.elf'
' '
'Invoking: ARM Print Size'
arm-xilinx-eabi-size App.elf  |tee "App.elf.size"
   text	   data	    bss	    dec	    hex	filename
  24272	   1208	  22564	  48044	   bbac	App.elf
'Finished building: App.elf.size'
' '
17:28:44 **** Incremental Build of configuration Debug for project App ****
make all 
make: Nothing to be done for `all'.
17:30:36 **** Auto Build of configuration Debug for project App ****
make all 
'Building file: ../ljylsr.c'
'Invoking: ARM gcc compiler'
arm-xilinx-eabi-gcc -Wall -O0 -g3 -c -fmessage-length=0 -MT"ljylsr.o" -I../../standalone_bsp_0/ps7_cortexa9_0/include -MMD -MP -MF"ljylsr.d" -MT"ljylsr.d" -o "ljylsr.o" "../ljylsr.c"
In file included from ../../standalone_bsp_0/ps7_cortexa9_0/include/xutil.h:112:0,
                 from ../ljylsr.c:3:
../../standalone_bsp_0/ps7_cortexa9_0/include/xbasic_types.h:115:2: warning: #warning The xbasics_type.h file is deprecated and users should use xil_types.h and xil_assert. [-Wcpp]
 #warning  The xbasics_type.h file is deprecated and users should use xil_types.h and xil_assert.
  ^
../../standalone_bsp_0/ps7_cortexa9_0/include/xbasic_types.h:116:2: warning: #warning Please refer the Standalone BSP UG647 for further details [-Wcpp]
 #warning  Please refer the Standalone BSP UG647 for further details
  ^
../ljylsr.c: In function 'main':
../ljylsr.c:20:9: warning: unused variable 'i' [-Wunused-variable]
     int i,x,psb_check,pss_check;
         ^
'Finished building: ../ljylsr.c'
' '
'Building target: App.elf'
'Invoking: ARM gcc linker'
arm-xilinx-eabi-gcc -Wl,-T -Wl,../src/lscript.ld -L../../standalone_bsp_0/ps7_cortexa9_0/lib -o "App.elf"  ./ljylsr.o   -Wl,--start-group,-lxil,-lgcc,-lc,--end-group
'Finished building target: App.elf'
' '
'Invoking: ARM Print Size'
arm-xilinx-eabi-size App.elf  |tee "App.elf.size"
   text	   data	    bss	    dec	    hex	filename
  24912	   1208	  22564	  48684	   be2c	App.elf
'Finished building: App.elf.size'
' '
17:31:20 **** Incremental Build of configuration Debug for project App ****
make all 
make: Nothing to be done for `all'.
17:32:26 **** Auto Build of configuration Debug for project App ****
make all 
'Building file: ../ljylsr.c'
'Invoking: ARM gcc compiler'
arm-xilinx-eabi-gcc -Wall -O0 -g3 -c -fmessage-length=0 -MT"ljylsr.o" -I../../standalone_bsp_0/ps7_cortexa9_0/include -MMD -MP -MF"ljylsr.d" -MT"ljylsr.d" -o "ljylsr.o" "../ljylsr.c"
In file included from ../../standalone_bsp_0/ps7_cortexa9_0/include/xutil.h:112:0,
                 from ../ljylsr.c:3:
../../standalone_bsp_0/ps7_cortexa9_0/include/xbasic_types.h:115:2: warning: #warning The xbasics_type.h file is deprecated and users should use xil_types.h and xil_assert. [-Wcpp]
 #warning  The xbasics_type.h file is deprecated and users should use xil_types.h and xil_assert.
  ^
../../standalone_bsp_0/ps7_cortexa9_0/include/xbasic_types.h:116:2: warning: #warning Please refer the Standalone BSP UG647 for further details [-Wcpp]
 #warning  Please refer the Standalone BSP UG647 for further details
  ^
../ljylsr.c: In function 'main':
../ljylsr.c:20:9: warning: unused variable 'i' [-Wunused-variable]
     int i,x,psb_check,pss_check;
         ^
'Finished building: ../ljylsr.c'
' '
'Building target: App.elf'
'Invoking: ARM gcc linker'
arm-xilinx-eabi-gcc -Wl,-T -Wl,../src/lscript.ld -L../../standalone_bsp_0/ps7_cortexa9_0/lib -o "App.elf"  ./ljylsr.o   -Wl,--start-group,-lxil,-lgcc,-lc,--end-group
'Finished building target: App.elf'
' '
'Invoking: ARM Print Size'
arm-xilinx-eabi-size App.elf  |tee "App.elf.size"
   text	   data	    bss	    dec	    hex	filename
  24912	   1208	  22564	  48684	   be2c	App.elf
'Finished building: App.elf.size'
' '
17:34:47 **** Incremental Build of configuration Debug for project App ****
make all 
make: Nothing to be done for `all'.
17:35:43 **** Auto Build of configuration Debug for project App ****
make all 
'Building file: ../ljylsr.c'
'Invoking: ARM gcc compiler'
arm-xilinx-eabi-gcc -Wall -O0 -g3 -c -fmessage-length=0 -MT"ljylsr.o" -I../../standalone_bsp_0/ps7_cortexa9_0/include -MMD -MP -MF"ljylsr.d" -MT"ljylsr.d" -o "ljylsr.o" "../ljylsr.c"
In file included from ../../standalone_bsp_0/ps7_cortexa9_0/include/xutil.h:112:0,
                 from ../ljylsr.c:3:
../../standalone_bsp_0/ps7_cortexa9_0/include/xbasic_types.h:115:2: warning: #warning The xbasics_type.h file is deprecated and users should use xil_types.h and xil_assert. [-Wcpp]
 #warning  The xbasics_type.h file is deprecated and users should use xil_types.h and xil_assert.
  ^
../../standalone_bsp_0/ps7_cortexa9_0/include/xbasic_types.h:116:2: warning: #warning Please refer the Standalone BSP UG647 for further details [-Wcpp]
 #warning  Please refer the Standalone BSP UG647 for further details
  ^
../ljylsr.c: In function 'main':
../ljylsr.c:20:9: warning: unused variable 'i' [-Wunused-variable]
     int i,x,psb_check,pss_check;
         ^
'Finished building: ../ljylsr.c'
' '
'Building target: App.elf'
'Invoking: ARM gcc linker'
arm-xilinx-eabi-gcc -Wl,-T -Wl,../src/lscript.ld -L../../standalone_bsp_0/ps7_cortexa9_0/lib -o "App.elf"  ./ljylsr.o   -Wl,--start-group,-lxil,-lgcc,-lc,--end-group
'Finished building target: App.elf'
' '
'Invoking: ARM Print Size'
arm-xilinx-eabi-size App.elf  |tee "App.elf.size"
   text	   data	    bss	    dec	    hex	filename
  24912	   1208	  22564	  48684	   be2c	App.elf
'Finished building: App.elf.size'
' '
17:59:36 **** Auto Build of configuration Debug for project App ****
make all 
'Building file: ../ljylsr.c'
'Invoking: ARM gcc compiler'
arm-xilinx-eabi-gcc -Wall -O0 -g3 -c -fmessage-length=0 -MT"ljylsr.o" -I../../standalone_bsp_0/ps7_cortexa9_0/include -MMD -MP -MF"ljylsr.d" -MT"ljylsr.d" -o "ljylsr.o" "../ljylsr.c"
In file included from ../../standalone_bsp_0/ps7_cortexa9_0/include/xutil.h:112:0,
                 from ../ljylsr.c:3:
../../standalone_bsp_0/ps7_cortexa9_0/include/xbasic_types.h:115:2: warning: #warning The xbasics_type.h file is deprecated and users should use xil_types.h and xil_assert. [-Wcpp]
 #warning  The xbasics_type.h file is deprecated and users should use xil_types.h and xil_assert.
  ^
../../standalone_bsp_0/ps7_cortexa9_0/include/xbasic_types.h:116:2: warning: #warning Please refer the Standalone BSP UG647 for further details [-Wcpp]
 #warning  Please refer the Standalone BSP UG647 for further details
  ^
../ljylsr.c: In function 'main':
../ljylsr.c:22:6: warning: unused variable 'count' [-Wunused-variable]
  int count=0,beep=0;
      ^
../ljylsr.c:20:11: warning: unused variable 'x' [-Wunused-variable]
     int i,x,psb_check,pss_check;
           ^
../ljylsr.c:20:9: warning: unused variable 'i' [-Wunused-variable]
     int i,x,psb_check,pss_check;
         ^
'Finished building: ../ljylsr.c'
' '
'Building target: App.elf'
'Invoking: ARM gcc linker'
arm-xilinx-eabi-gcc -Wl,-T -Wl,../src/lscript.ld -L../../standalone_bsp_0/ps7_cortexa9_0/lib -o "App.elf"  ./ljylsr.o   -Wl,--start-group,-lxil,-lgcc,-lc,--end-group
'Finished building target: App.elf'
' '
'Invoking: ARM Print Size'
arm-xilinx-eabi-size App.elf  |tee "App.elf.size"
   text	   data	    bss	    dec	    hex	filename
  24208	   1208	  22564	  47980	   bb6c	App.elf
'Finished building: App.elf.size'
' '
18:01:18 **** Incremental Build of configuration Debug for project App ****
make all 
make: Nothing to be done for `all'.
18:02:10 **** Auto Build of configuration Debug for project App ****
make all 
'Building file: ../ljylsr.c'
'Invoking: ARM gcc compiler'
arm-xilinx-eabi-gcc -Wall -O0 -g3 -c -fmessage-length=0 -MT"ljylsr.o" -I../../standalone_bsp_0/ps7_cortexa9_0/include -MMD -MP -MF"ljylsr.d" -MT"ljylsr.d" -o "ljylsr.o" "../ljylsr.c"
In file included from ../../standalone_bsp_0/ps7_cortexa9_0/include/xutil.h:112:0,
                 from ../ljylsr.c:3:
../../standalone_bsp_0/ps7_cortexa9_0/include/xbasic_types.h:115:2: warning: #warning The xbasics_type.h file is deprecated and users should use xil_types.h and xil_assert. [-Wcpp]
 #warning  The xbasics_type.h file is deprecated and users should use xil_types.h and xil_assert.
  ^
../../standalone_bsp_0/ps7_cortexa9_0/include/xbasic_types.h:116:2: warning: #warning Please refer the Standalone BSP UG647 for further details [-Wcpp]
 #warning  Please refer the Standalone BSP UG647 for further details
  ^
../ljylsr.c: In function 'main':
../ljylsr.c:22:6: warning: unused variable 'count' [-Wunused-variable]
  int count=0,beep=0;
      ^
../ljylsr.c:20:11: warning: unused variable 'x' [-Wunused-variable]
     int i,x,psb_check,pss_check;
           ^
../ljylsr.c:20:9: warning: unused variable 'i' [-Wunused-variable]
     int i,x,psb_check,pss_check;
         ^
../ljylsr.c: At top level:
../ljylsr.c:106:1: error: expected identifier or '(' before '}' token
 }
 ^
make: *** [ljylsr.o] ´íÎó 1
18:03:27 **** Auto Build of configuration Debug for project App ****
make all 
'Building file: ../ljylsr.c'
'Invoking: ARM gcc compiler'
arm-xilinx-eabi-gcc -Wall -O0 -g3 -c -fmessage-length=0 -MT"ljylsr.o" -I../../standalone_bsp_0/ps7_cortexa9_0/include -MMD -MP -MF"ljylsr.d" -MT"ljylsr.d" -o "ljylsr.o" "../ljylsr.c"
In file included from ../../standalone_bsp_0/ps7_cortexa9_0/include/xutil.h:112:0,
                 from ../ljylsr.c:3:
../../standalone_bsp_0/ps7_cortexa9_0/include/xbasic_types.h:115:2: warning: #warning The xbasics_type.h file is deprecated and users should use xil_types.h and xil_assert. [-Wcpp]
 #warning  The xbasics_type.h file is deprecated and users should use xil_types.h and xil_assert.
  ^
../../standalone_bsp_0/ps7_cortexa9_0/include/xbasic_types.h:116:2: warning: #warning Please refer the Standalone BSP UG647 for further details [-Wcpp]
 #warning  Please refer the Standalone BSP UG647 for further details
  ^
../ljylsr.c: In function 'main':
../ljylsr.c:22:6: warning: unused variable 'count' [-Wunused-variable]
  int count=0,beep=0;
      ^
[...]
make all 
'Building file: ../ljylsr.c'
'Invoking: ARM gcc compiler'
arm-xilinx-eabi-gcc -Wall -O0 -g3 -c -fmessage-length=0 -MT"ljylsr.o" -I../../standalone_bsp_0/ps7_cortexa9_0/include -MMD -MP -MF"ljylsr.d" -MT"ljylsr.d" -o "ljylsr.o" "../ljylsr.c"
In file included from ../../standalone_bsp_0/ps7_cortexa9_0/include/xutil.h:112:0,
                 from ../ljylsr.c:3:
../../standalone_bsp_0/ps7_cortexa9_0/include/xbasic_types.h:115:2: warning: #warning The xbasics_type.h file is deprecated and users should use xil_types.h and xil_assert. [-Wcpp]
 #warning  The xbasics_type.h file is deprecated and users should use xil_types.h and xil_assert.
  ^
../../standalone_bsp_0/ps7_cortexa9_0/include/xbasic_types.h:116:2: warning: #warning Please refer the Standalone BSP UG647 for further details [-Wcpp]
 #warning  Please refer the Standalone BSP UG647 for further details
  ^
../ljylsr.c: In function 'main':
../ljylsr.c:22:6: warning: unused variable 'count' [-Wunused-variable]
  int count=0,beep=0;
      ^
../ljylsr.c:20:11: warning: unused variable 'x' [-Wunused-variable]
     int i,x,psb_check,pss_check;
           ^
../ljylsr.c:20:9: warning: unused variable 'i' [-Wunused-variable]
     int i,x,psb_check,pss_check;
         ^
'Finished building: ../ljylsr.c'
' '
'Building target: App.elf'
'Invoking: ARM gcc linker'
arm-xilinx-eabi-gcc -Wl,-T -Wl,../src/lscript.ld -L../../standalone_bsp_0/ps7_cortexa9_0/lib -o "App.elf"  ./ljylsr.o   -Wl,--start-group,-lxil,-lgcc,-lc,--end-group
'Finished building target: App.elf'
' '
'Invoking: ARM Print Size'
arm-xilinx-eabi-size App.elf  |tee "App.elf.size"
   text	   data	    bss	    dec	    hex	filename
  24208	   1208	  22564	  47980	   bb6c	App.elf
'Finished building: App.elf.size'
' '
18:08:18 **** Incremental Build of configuration Debug for project App ****
make all 
make: Nothing to be done for `all'.
18:08:40 **** Auto Build of configuration Debug for project App ****
make all 
'Building file: ../ljylsr.c'
'Invoking: ARM gcc compiler'
arm-xilinx-eabi-gcc -Wall -O0 -g3 -c -fmessage-length=0 -MT"ljylsr.o" -I../../standalone_bsp_0/ps7_cortexa9_0/include -MMD -MP -MF"ljylsr.d" -MT"ljylsr.d" -o "ljylsr.o" "../ljylsr.c"
In file included from ../../standalone_bsp_0/ps7_cortexa9_0/include/xutil.h:112:0,
                 from ../ljylsr.c:3:
../../standalone_bsp_0/ps7_cortexa9_0/include/xbasic_types.h:115:2: warning: #warning The xbasics_type.h file is deprecated and users should use xil_types.h and xil_assert. [-Wcpp]
 #warning  The xbasics_type.h file is deprecated and users should use xil_types.h and xil_assert.
  ^
../../standalone_bsp_0/ps7_cortexa9_0/include/xbasic_types.h:116:2: warning: #warning Please refer the Standalone BSP UG647 for further details [-Wcpp]
 #warning  Please refer the Standalone BSP UG647 for further details
  ^
../ljylsr.c: In function 'main':
../ljylsr.c:20:9: warning: unused variable 'i' [-Wunused-variable]
     int i,x,psb_check,pss_check;
         ^
'Finished building: ../ljylsr.c'
' '
'Building target: App.elf'
'Invoking: ARM gcc linker'
arm-xilinx-eabi-gcc -Wl,-T -Wl,../src/lscript.ld -L../../standalone_bsp_0/ps7_cortexa9_0/lib -o "App.elf"  ./ljylsr.o   -Wl,--start-group,-lxil,-lgcc,-lc,--end-group
'Finished building target: App.elf'
' '
'Invoking: ARM Print Size'
arm-xilinx-eabi-size App.elf  |tee "App.elf.size"
   text	   data	    bss	    dec	    hex	filename
  24848	   1208	  22564	  48620	   bdec	App.elf
'Finished building: App.elf.size'
' '
18:09:25 **** Incremental Build of configuration Debug for project App ****
make all 
make: Nothing to be done for `all'.
18:17:17 **** Auto Build of configuration Debug for project App ****
make all 
'Building file: ../ljylsr.c'
'Invoking: ARM gcc compiler'
arm-xilinx-eabi-gcc -Wall -O0 -g3 -c -fmessage-length=0 -MT"ljylsr.o" -I../../standalone_bsp_0/ps7_cortexa9_0/include -MMD -MP -MF"ljylsr.d" -MT"ljylsr.d" -o "ljylsr.o" "../ljylsr.c"
In file included from ../../standalone_bsp_0/ps7_cortexa9_0/include/xutil.h:112:0,
                 from ../ljylsr.c:3:
../../standalone_bsp_0/ps7_cortexa9_0/include/xbasic_types.h:115:2: warning: #warning The xbasics_type.h file is deprecated and users should use xil_types.h and xil_assert. [-Wcpp]
 #warning  The xbasics_type.h file is deprecated and users should use xil_types.h and xil_assert.
  ^
../../standalone_bsp_0/ps7_cortexa9_0/include/xbasic_types.h:116:2: warning: #warning Please refer the Standalone BSP UG647 for further details [-Wcpp]
 #warning  Please refer the Standalone BSP UG647 for further details
  ^
'Finished building: ../ljylsr.c'
' '
'Building target: App.elf'
'Invoking: ARM gcc linker'
arm-xilinx-eabi-gcc -Wl,-T -Wl,../src/lscript.ld -L../../standalone_bsp_0/ps7_cortexa9_0/lib -o "App.elf"  ./ljylsr.o   -Wl,--start-group,-lxil,-lgcc,-lc,--end-group
'Finished building target: App.elf'
' '
'Invoking: ARM Print Size'
arm-xilinx-eabi-size App.elf  |tee "App.elf.size"
   text	   data	    bss	    dec	    hex	filename
  25040	   1208	  22564	  48812	   beac	App.elf
'Finished building: App.elf.size'
' '
18:18:21 **** Incremental Build of configuration Debug for project App ****
make all 
make: Nothing to be done for `all'.
18:21:30 **** Auto Build of configuration Debug for project App ****
make all 
'Building file: ../ljylsr.c'
'Invoking: ARM gcc compiler'
arm-xilinx-eabi-gcc -Wall -O0 -g3 -c -fmessage-length=0 -MT"ljylsr.o" -I../../standalone_bsp_0/ps7_cortexa9_0/include -MMD -MP -MF"ljylsr.d" -MT"ljylsr.d" -o "ljylsr.o" "../ljylsr.c"
In file included from ../../standalone_bsp_0/ps7_cortexa9_0/include/xutil.h:112:0,
                 from ../ljylsr.c:3:
../../standalone_bsp_0/ps7_cortexa9_0/include/xbasic_types.h:115:2: warning: #warning The xbasics_type.h file is deprecated and users should use xil_types.h and xil_assert. [-Wcpp]
 #warning  The xbasics_type.h file is deprecated and users should use xil_types.h and xil_assert.
  ^
../../standalone_bsp_0/ps7_cortexa9_0/include/xbasic_types.h:116:2: warning: #warning Please refer the Standalone BSP UG647 for further details [-Wcpp]
 #warning  Please refer the Standalone BSP UG647 for further details
  ^
'Finished building: ../ljylsr.c'
' '
'Building target: App.elf'
'Invoking: ARM gcc linker'
arm-xilinx-eabi-gcc -Wl,-T -Wl,../src/lscript.ld -L../../standalone_bsp_0/ps7_cortexa9_0/lib -o "App.elf"  ./ljylsr.o   -Wl,--start-group,-lxil,-lgcc,-lc,--end-group
'Finished building target: App.elf'
' '
'Invoking: ARM Print Size'
arm-xilinx-eabi-size App.elf  |tee "App.elf.size"
   text	   data	    bss	    dec	    hex	filename
  25040	   1208	  22564	  48812	   beac	App.elf
'Finished building: App.elf.size'
' '
18:23:04 **** Incremental Build of configuration Debug for project App ****
make all 
make: Nothing to be done for `all'.
18:24:59 **** Auto Build of configuration Debug for project App ****
make all 
'Building file: ../ljylsr.c'
'Invoking: ARM gcc compiler'
arm-xilinx-eabi-gcc -Wall -O0 -g3 -c -fmessage-length=0 -MT"ljylsr.o" -I../../standalone_bsp_0/ps7_cortexa9_0/include -MMD -MP -MF"ljylsr.d" -MT"ljylsr.d" -o "ljylsr.o" "../ljylsr.c"
In file included from ../../standalone_bsp_0/ps7_cortexa9_0/include/xutil.h:112:0,
                 from ../ljylsr.c:3:
../../standalone_bsp_0/ps7_cortexa9_0/include/xbasic_types.h:115:2: warning: #warning The xbasics_type.h file is deprecated and users should use xil_types.h and xil_assert. [-Wcpp]
 #warning  The xbasics_type.h file is deprecated and users should use xil_types.h and xil_assert.
  ^
../../standalone_bsp_0/ps7_cortexa9_0/include/xbasic_types.h:116:2: warning: #warning Please refer the Standalone BSP UG647 for further details [-Wcpp]
 #warning  Please refer the Standalone BSP UG647 for further details
  ^
'Finished building: ../ljylsr.c'
' '
'Building target: App.elf'
'Invoking: ARM gcc linker'
arm-xilinx-eabi-gcc -Wl,-T -Wl,../src/lscript.ld -L../../standalone_bsp_0/ps7_cortexa9_0/lib -o "App.elf"  ./ljylsr.o   -Wl,--start-group,-lxil,-lgcc,-lc,--end-group
'Finished building target: App.elf'
' '
'Invoking: ARM Print Size'
arm-xilinx-eabi-size App.elf  |tee "App.elf.size"
   text	   data	    bss	    dec	    hex	filename
  25040	   1208	  22564	  48812	   beac	App.elf
'Finished building: App.elf.size'
' '
18:25:23 **** Auto Build of configuration Debug for project App ****
make all 
'Building file: ../ljylsr.c'
'Invoking: ARM gcc compiler'
arm-xilinx-eabi-gcc -Wall -O0 -g3 -c -fmessage-length=0 -MT"ljylsr.o" -I../../standalone_bsp_0/ps7_cortexa9_0/include -MMD -MP -MF"ljylsr.d" -MT"ljylsr.d" -o "ljylsr.o" "../ljylsr.c"
In file included from ../../standalone_bsp_0/ps7_cortexa9_0/include/xutil.h:112:0,
                 from ../ljylsr.c:3:
../../standalone_bsp_0/ps7_cortexa9_0/include/xbasic_types.h:115:2: warning: #warning The xbasics_type.h file is deprecated and users should use xil_types.h and xil_assert. [-Wcpp]
 #warning  The xbasics_type.h file is deprecated and users should use xil_types.h and xil_assert.
  ^
../../standalone_bsp_0/ps7_cortexa9_0/include/xbasic_types.h:116:2: warning: #warning Please refer the Standalone BSP UG647 for further details [-Wcpp]
 #warning  Please refer the Standalone BSP UG647 for further details
  ^
'Finished building: ../ljylsr.c'
' '
'Building target: App.elf'
'Invoking: ARM gcc linker'
arm-xilinx-eabi-gcc -Wl,-T -Wl,../src/lscript.ld -L../../standalone_bsp_0/ps7_cortexa9_0/lib -o "App.elf"  ./ljylsr.o   -Wl,--start-group,-lxil,-lgcc,-lc,--end-group
'Finished building target: App.elf'
' '
'Invoking: ARM Print Size'
arm-xilinx-eabi-size App.elf  |tee "App.elf.size"
   text	   data	    bss	    dec	    hex	filename
  25040	   1208	  22564	  48812	   beac	App.elf
'Finished building: App.elf.size'
' '
18:26:13 **** Incremental Build of configuration Debug for project App ****
make all 
make: Nothing to be done for `all'.
18:28:31 **** Auto Build of configuration Debug for project App ****
make all 
'Building file: ../ljylsr.c'
'Invoking: ARM gcc compiler'
arm-xilinx-eabi-gcc -Wall -O0 -g3 -c -fmessage-length=0 -MT"ljylsr.o" -I../../standalone_bsp_0/ps7_cortexa9_0/include -MMD -MP -MF"ljylsr.d" -MT"ljylsr.d" -o "ljylsr.o" "../ljylsr.c"
In file included from ../../standalone_bsp_0/ps7_cortexa9_0/include/xutil.h:112:0,
                 from ../ljylsr.c:3:
../../standalone_bsp_0/ps7_cortexa9_0/include/xbasic_types.h:115:2: warning: #warning The xbasics_type.h file is deprecated and users should use xil_types.h and xil_assert. [-Wcpp]
 #warning  The xbasics_type.h file is deprecated and users should use xil_types.h and xil_assert.
  ^
../../standalone_bsp_0/ps7_cortexa9_0/include/xbasic_types.h:116:2: warning: #warning Please refer the Standalone BSP UG647 for further details [-Wcpp]
 #warning  Please refer the Standalone BSP UG647 for further details
  ^
'Finished building: ../ljylsr.c'
' '
'Building target: App.elf'
'Invoking: ARM gcc linker'
arm-xilinx-eabi-gcc -Wl,-T -Wl,../src/lscript.ld -L../../standalone_bsp_0/ps7_cortexa9_0/lib -o "App.elf"  ./ljylsr.o   -Wl,--start-group,-lxil,-lgcc,-lc,--end-group
'Finished building target: App.elf'
' '
'Invoking: ARM Print Size'
arm-xilinx-eabi-size App.elf  |tee "App.elf.size"
   text	   data	    bss	    dec	    hex	filename
  24976	   1208	  22564	  48748	   be6c	App.elf
'Finished building: App.elf.size'
' '
18:29:33 **** Incremental Build of configuration Debug for project App ****
make all 
make: Nothing to be done for `all'.
18:31:52 **** Auto Build of configuration Debug for project App ****
make all 
'Building file: ../ljylsr.c'
'Invoking: ARM gcc compiler'
arm-xilinx-eabi-gcc -Wall -O0 -g3 -c -fmessage-length=0 -MT"ljylsr.o" -I../../standalone_bsp_0/ps7_cortexa9_0/include -MMD -MP -MF"ljylsr.d" -MT"ljylsr.d" -o "ljylsr.o" "../ljylsr.c"
In file included from ../../standalone_bsp_0/ps7_cortexa9_0/include/xutil.h:112:0,
                 from ../ljylsr.c:3:
../../standalone_bsp_0/ps7_cortexa9_0/include/xbasic_types.h:115:2: warning: #warning The xbasics_type.h file is deprecated and users should use xil_types.h and xil_assert. [-Wcpp]
 #warning  The xbasics_type.h file is deprecated and users should use xil_types.h and xil_assert.
  ^
../../standalone_bsp_0/ps7_cortexa9_0/include/xbasic_types.h:116:2: warning: #warning Please refer the Standalone BSP UG647 for further details [-Wcpp]
 #warning  Please refer the Standalone BSP UG647 for further details
  ^
'Finished building: ../ljylsr.c'
' '
'Building target: App.elf'
'Invoking: ARM gcc linker'
arm-xilinx-eabi-gcc -Wl,-T -Wl,../src/lscript.ld -L../../standalone_bsp_0/ps7_cortexa9_0/lib -o "App.elf"  ./ljylsr.o   -Wl,--start-group,-lxil,-lgcc,-lc,--end-group
'Finished building target: App.elf'
' '
'Invoking: ARM Print Size'
arm-xilinx-eabi-size App.elf  |tee "App.elf.size"
   text	   data	    bss	    dec	    hex	filename
  25040	   1208	  22564	  48812	   beac	App.elf
'Finished building: App.elf.size'
' '
18:32:56 **** Incremental Build of configuration Debug for project App ****
make all 
make: Nothing to be done for `all'.
18:34:13 **** Auto Build of configuration Debug for project App ****
make all 
'Building file: ../ljylsr.c'
'Invoking: ARM gcc compiler'
arm-xilinx-eabi-gcc -Wall -O0 -g3 -c -fmessage-length=0 -MT"ljylsr.o" -I../../standalone_bsp_0/ps7_cortexa9_0/include -MMD -MP -MF"ljylsr.d" -MT"ljylsr.d" -o "ljylsr.o" "../ljylsr.c"
In file included from ../../standalone_bsp_0/ps7_cortexa9_0/include/xutil.h:112:0,
                 from ../ljylsr.c:3:
../../standalone_bsp_0/ps7_cortexa9_0/include/xbasic_types.h:115:2: warning: #warning The xbasics_type.h file is deprecated and users should use xil_types.h and xil_assert. [-Wcpp]
 #warning  The xbasics_type.h file is deprecated and users should use xil_types.h and xil_assert.
  ^
../../standalone_bsp_0/ps7_cortexa9_0/include/xbasic_types.h:116:2: warning: #warning Please refer the Standalone BSP UG647 for further details [-Wcpp]
 #warning  Please refer the Standalone BSP UG647 for further details
  ^
../ljylsr.c: In function 'main':
../ljylsr.c:20:13: warning: unused variable 'k' [-Wunused-variable]
     int i,j,k,x,psb_check,pss_check;
             ^
'Finished building: ../ljylsr.c'
' '
'Building target: App.elf'
'Invoking: ARM gcc linker'
arm-xilinx-eabi-gcc -Wl,-T -Wl,../src/lscript.ld -L../../standalone_bsp_0/ps7_cortexa9_0/lib -o "App.elf"  ./ljylsr.o   -Wl,--start-group,-lxil,-lgcc,-lc,--end-group
'Finished building target: App.elf'
' '
'Invoking: ARM Print Size'
arm-xilinx-eabi-size App.elf  |tee "App.elf.size"
   text	   data	    bss	    dec	    hex	filename
  24976	   1208	  22564	  48748	   be6c	App.elf
'Finished building: App.elf.size'
' '
18:35:47 **** Incremental Build of configuration Debug for project App ****
make all 
make: Nothing to be done for `all'.
18:36:34 **** Auto Build of configuration Debug for project App ****
make all 
'Building file: ../ljylsr.c'
'Invoking: ARM gcc compiler'
arm-xilinx-eabi-gcc -Wall -O0 -g3 -c -fmessage-length=0 -MT"ljylsr.o" -I../../standalone_bsp_0/ps7_cortexa9_0/include -MMD -MP -MF"ljylsr.d" -MT"ljylsr.d" -o "ljylsr.o" "../ljylsr.c"
In file included from ../../standalone_bsp_0/ps7_cortexa9_0/include/xutil.h:112:0,
                 from ../ljylsr.c:3:
../../standalone_bsp_0/ps7_cortexa9_0/include/xbasic_types.h:115:2: warning: #warning The xbasics_type.h file is deprecated and users should use xil_types.h and xil_assert. [-Wcpp]
 #warning  The xbasics_type.h file is deprecated and users should use xil_types.h and xil_assert.
  ^
../../standalone_bsp_0/ps7_cortexa9_0/include/xbasic_types.h:116:2: warning: #warning Please refer the Standalone BSP UG647 for further details [-Wcpp]
 #warning  Please refer the Standalone BSP UG647 for further details
  ^
../ljylsr.c: In function 'main':
../ljylsr.c:20:13: warning: unused variable 'k' [-Wunused-variable]
     int i,j,k,x,psb_check,pss_check;
             ^
'Finished building: ../ljylsr.c'
' '
'Building target: App.elf'
'Invoking: ARM gcc linker'
arm-xilinx-eabi-gcc -Wl,-T -Wl,../src/lscript.ld -L../../standalone_bsp_0/ps7_cortexa9_0/lib -o "App.elf"  ./ljylsr.o   -Wl,--start-group,-lxil,-lgcc,-lc,--end-group
'Finished building target: App.elf'
' '
'Invoking: ARM Print Size'
arm-xilinx-eabi-size App.elf  |tee "App.elf.size"
   text	   data	    bss	    dec	    hex	filename
  24976	   1208	  22564	  48748	   be6c	App.elf
'Finished building: App.elf.size'
' '
18:37:40 **** Incremental Build of configuration Debug for project App ****
make all 
make: Nothing to be done for `all'.
18:38:46 **** Auto Build of configuration Debug for project App ****
make all 
'Building file: ../ljylsr.c'
'Invoking: ARM gcc compiler'
arm-xilinx-eabi-gcc -Wall -O0 -g3 -c -fmessage-length=0 -MT"ljylsr.o" -I../../standalone_bsp_0/ps7_cortexa9_0/include -MMD -MP -MF"ljylsr.d" -MT"ljylsr.d" -o "ljylsr.o" "../ljylsr.c"
In file included from ../../standalone_bsp_0/ps7_cortexa9_0/include/xutil.h:112:0,
                 from ../ljylsr.c:3:
../../standalone_bsp_0/ps7_cortexa9_0/include/xbasic_types.h:115:2: warning: #warning The xbasics_type.h file is deprecated and users should use xil_types.h and xil_assert. [-Wcpp]
 #warning  The xbasics_type.h file is deprecated and users should use xil_types.h and xil_assert.
  ^
../../standalone_bsp_0/ps7_cortexa9_0/include/xbasic_types.h:116:2: warning: #warning Please refer the Standalone BSP UG647 for further details [-Wcpp]
 #warning  Please refer the Standalone BSP UG647 for further details
  ^
../ljylsr.c: In function 'main':
../ljylsr.c:20:13: warning: unused variable 'k' [-Wunused-variable]
     int i,j,k,x,psb_check,pss_check;
             ^
'Finished building: ../ljylsr.c'
' '
'Building target: App.elf'
'Invoking: ARM gcc linker'
arm-xilinx-eabi-gcc -Wl,-T -Wl,../src/lscript.ld -L../../standalone_bsp_0/ps7_cortexa9_0/lib -o "App.elf"  ./ljylsr.o   -Wl,--start-group,-lxil,-lgcc,-lc,--end-group
'Finished building target: App.elf'
' '
'Invoking: ARM Print Size'
arm-xilinx-eabi-size App.elf  |tee "App.elf.size"
   text	   data	    bss	    dec	    hex	filename
  24976	   1208	  22564	  48748	   be6c	App.elf
'Finished building: App.elf.size'
' '
18:39:57 **** Incremental Build of configuration Debug for project App ****
make all 
make: Nothing to be done for `all'.
18:48:28 **** Auto Build of configuration Debug for project App ****
make all 
'Building file: ../ljylsr.c'
'Invoking: ARM gcc compiler'
arm-xilinx-eabi-gcc -Wall -O0 -g3 -c -fmessage-length=0 -MT"ljylsr.o" -I../../standalone_bsp_0/ps7_cortexa9_0/include -MMD -MP -MF"ljylsr.d" -MT"ljylsr.d" -o "ljylsr.o" "../ljylsr.c"
In file included from ../../standalone_bsp_0/ps7_cortexa9_0/include/xutil.h:112:0,
                 from ../ljylsr.c:3:
../../standalone_bsp_0/ps7_cortexa9_0/include/xbasic_types.h:115:2: warning: #warning The xbasics_type.h file is deprecated and users should use xil_types.h and xil_assert. [-Wcpp]
 #warning  The xbasics_type.h file is deprecated and users should use xil_types.h and xil_assert.
  ^
../../standalone_bsp_0/ps7_cortexa9_0/include/xbasic_types.h:116:2: warning: #warning Please refer the Standalone BSP UG647 for further details [-Wcpp]
 #warning  Please refer the Standalone BSP UG647 for further details
  ^
../ljylsr.c: In function 'main':
../ljylsr.c:20:13: warning: unused variable 'k' [-Wunused-variable]
     int i,j,k,x,psb_check,pss_check;
             ^
../ljylsr.c:20:11: warning: unused variable 'j' [-Wunused-variable]
     int i,j,k,x,psb_check,pss_check;
           ^
'Finished building: ../ljylsr.c'
' '
'Building target: App.elf'
'Invoking: ARM gcc linker'
arm-xilinx-eabi-gcc -Wl,-T -Wl,../src/lscript.ld -L../../standalone_bsp_0/ps7_cortexa9_0/lib -o "App.elf"  ./ljylsr.o   -Wl,--start-group,-lxil,-lgcc,-lc,--end-group
'Finished building target: App.elf'
' '
'Invoking: ARM Print Size'
arm-xilinx-eabi-size App.elf  |tee "App.elf.size"
   text	   data	    bss	    dec	    hex	filename
  24912	   1208	  22564	  48684	   be2c	App.elf
'Finished building: App.elf.size'
' '
18:49:51 **** Incremental Build of configuration Debug for project App ****
make all 
make: Nothing to be done for `all'.
