15:07:46 **** Build of project mem_test_bsp ****
make -k all 
libgen -hw ../hw_platform_0/system.xml\
	       \
	       -pe ps7_cortexa9_0 \
	       -log libgen.log \
	       system.mss
libgen
Xilinx EDK 2013.4 Build EDK_2013.4.20131205
Copyright (c) 1995-2012 Xilinx, Inc.  All rights reserved.

Command Line: libgen -hw ../hw_platform_0/system.xml -pe ps7_cortexa9_0 -log
libgen.log system.mss 


Staging source files.
Running DRCs.
Running generate.
Running post_generate.
Running include - 'make -s include "COMPILER=arm-xilinx-eabi-gcc"
"ARCHIVER=arm-xilinx-eabi-ar" "COMPILER_FLAGS= -O2 -c"
"EXTRA_COMPILER_FLAGS=-g"'.

Running libs - 'make -s libs "COMPILER=arm-xilinx-eabi-gcc"
"ARCHIVER=arm-xilinx-eabi-ar" "COMPILER_FLAGS= -O2 -c"
"EXTRA_COMPILER_FLAGS=-g"'.
"Compiling standalone"
arm-xilinx-eabi-ar: creating ../../../lib/libxil.a
"Compiling devcfg"
"Compiling dmaps"
"Compiling scugic"
"Compiling scutimer"
"Compiling scuwdt"
"Compiling uartps"
"Compiling xadcps"
"Compiling cpu_cortexa9"
Running execs_generate.
'Finished building libraries'
15:09:40 **** Build of project mem_test_bsp ****
make -k all 
libgen -hw ../hw_platform_0/system.xml\
	       \
	       -pe ps7_cortexa9_0 \
	       -log libgen.log \
	       system.mss
libgen
Xilinx EDK 2013.4 Build EDK_2013.4.20131205
Copyright (c) 1995-2012 Xilinx, Inc.  All rights reserved.

Command Line: libgen -hw ../hw_platform_0/system.xml -pe ps7_cortexa9_0 -log
libgen.log system.mss 


Staging source files.
Running DRCs.
Running generate.
Running post_generate.
Running include - 'make -s include "COMPILER=arm-xilinx-eabi-gcc"
"ARCHIVER=arm-xilinx-eabi-ar" "COMPILER_FLAGS= -O2 -c"
"EXTRA_COMPILER_FLAGS=-g"'.

Running libs - 'make -s libs "COMPILER=arm-xilinx-eabi-gcc"
"ARCHIVER=arm-xilinx-eabi-ar" "COMPILER_FLAGS= -O2 -c"
"EXTRA_COMPILER_FLAGS=-g"'.
"Compiling standalone"
arm-xilinx-eabi-ar: creating ../../../lib/libxil.a
"Compiling devcfg"
"Compiling dmaps"
"Compiling scugic"
"Compiling scutimer"
"Compiling scuwdt"
"Compiling uartps"
"Compiling xadcps"
"Compiling cpu_cortexa9"
Running execs_generate.
'Finished building libraries'
15:10:37 **** Build of configuration Debug for project mem_test ****
make all 
'Building file: ../src/memory_config_g.c'
'Invoking: ARM gcc compiler'
arm-xilinx-eabi-gcc -Wall -O0 -g3 -c -fmessage-length=0 -I../../mem_test_bsp/ps7_cortexa9_0/include -MMD -MP -MF"src/memory_config_g.d" -MT"src/memory_config_g.d" -o "src/memory_config_g.o" "../src/memory_config_g.c"
'Finished building: ../src/memory_config_g.c'
' '
'Building file: ../src/memorytest.c'
'Invoking: ARM gcc compiler'
arm-xilinx-eabi-gcc -Wall -O0 -g3 -c -fmessage-length=0 -I../../mem_test_bsp/ps7_cortexa9_0/include -MMD -MP -MF"src/memorytest.d" -MT"src/memorytest.d" -o "src/memorytest.o" "../src/memorytest.c"
'Finished building: ../src/memorytest.c'
' '
'Building file: ../src/platform.c'
'Invoking: ARM gcc compiler'
arm-xilinx-eabi-gcc -Wall -O0 -g3 -c -fmessage-length=0 -I../../mem_test_bsp/ps7_cortexa9_0/include -MMD -MP -MF"src/platform.d" -MT"src/platform.d" -o "src/platform.o" "../src/platform.c"
'Finished building: ../src/platform.c'
' '
'Building target: mem_test.elf'
'Invoking: ARM gcc linker'
arm-xilinx-eabi-gcc -Wl,-T -Wl,../src/lscript.ld -L../../mem_test_bsp/ps7_cortexa9_0/lib -o "mem_test.elf"  ./src/memory_config_g.o ./src/memorytest.o ./src/platform.o   -Wl,--start-group,-lxil,-lgcc,-lc,--end-group
'Finished building target: mem_test.elf'
' '
'Invoking: ARM Print Size'
arm-xilinx-eabi-size mem_test.elf  |tee "mem_test.elf.size"
   text	   data	    bss	    dec	    hex	filename
  26136	   1136	  14436	  41708	   a2ec	mem_test.elf
'Finished building: mem_test.elf.size'
' '
15:13:28 **** Incremental Build of configuration Debug for project mem_test ****
make all 
make: Nothing to be done for `all'.
15:15:57 **** Incremental Build of configuration Debug for project mem_test ****
make all 
make: Nothing to be done for `all'.
10:44:53 **** Auto Build of project mem_test_bsp ****
make -k all 
libgen -hw ../hw_platform_0/system.xml\
	       \
	       -pe ps7_cortexa9_0 \
	       -log libgen.log \
	       system.mss
libgen
Xilinx EDK 2013.4 Build EDK_2013.4.20131205
Copyright (c) 1995-2012 Xilinx, Inc.  All rights reserved.

Command Line: libgen -hw ../hw_platform_0/system.xml -pe ps7_cortexa9_0 -log
libgen.log system.mss 


Staging source files.
Running DRCs.
Running generate.
Running post_generate.
Running include - 'make -s include "COMPILER=arm-xilinx-eabi-gcc"
"ARCHIVER=arm-xilinx-eabi-ar" "COMPILER_FLAGS= -O2 -c"
"EXTRA_COMPILER_FLAGS=-g"'.

Running libs - 'make -s libs "COMPILER=arm-xilinx-eabi-gcc"
"ARCHIVER=arm-xilinx-eabi-ar" "COMPILER_FLAGS= -O2 -c"
"EXTRA_COMPILER_FLAGS=-g"'.
"Compiling standalone"
arm-xilinx-eabi-ar: creating ../../../lib/libxil.a
"Compiling devcfg"
"Compiling dmaps"
"Compiling scugic"
"Compiling scutimer"
"Compiling scuwdt"
"Compiling uartps"
"Compiling xadcps"
"Compiling cpu_cortexa9"
Running execs_generate.
'Finished building libraries'
10:45:57 **** Auto Build of configuration Debug for project mem_test ****
make all 
make: Nothing to be done for `all'.
10:45:59 **** Auto Build of project mem_test_bsp ****
make -k all 
'Finished building libraries'
10:47:33 **** Build of project standalone_bsp_0 ****
make -k all 
libgen -hw ../hw_platform_0/system.xml\
	       \
	       -pe ps7_cortexa9_0 \
	       -log libgen.log \
	       system.mss
libgen
Xilinx EDK 2013.4 Build EDK_2013.4.20131205
Copyright (c) 1995-2012 Xilinx, Inc.  All rights reserved.

Command Line: libgen -hw ../hw_platform_0/system.xml -pe ps7_cortexa9_0 -log
libgen.log system.mss 


Staging source files.
Running DRCs.
Running generate.
Running post_generate.
Running include - 'make -s include "COMPILER=arm-xilinx-eabi-gcc"
"ARCHIVER=arm-xilinx-eabi-ar" "COMPILER_FLAGS= -O2 -c"
"EXTRA_COMPILER_FLAGS=-g"'.

Running libs - 'make -s libs "COMPILER=arm-xilinx-eabi-gcc"
"ARCHIVER=arm-xilinx-eabi-ar" "COMPILER_FLAGS= -O2 -c"
"EXTRA_COMPILER_FLAGS=-g"'.
"Compiling common"
arm-xilinx-eabi-ar: creating ../../../lib/libxil.a
"Compiling standalone"
"Compiling gpio"
"Compiling devcfg"
"Compiling dmaps"
"Compiling scugic"
"Compiling scutimer"
"Compiling scuwdt"
"Compiling uartps"
"Compiling xadcps"
"Compiling cpu_cortexa9"
Running execs_generate.
'Finished building libraries'

**** Build of configuration Debug for project TestApp ****

Nothing to build for project TestApp
10:50:42 **** Auto Build of configuration Debug for project TestApp ****
make all 
'Building file: ../src/lab2.c'
'Invoking: ARM gcc compiler'
arm-xilinx-eabi-gcc -Wall -O0 -g3 -c -fmessage-length=0 -I../../standalone_bsp_0/ps7_cortexa9_0/include -MMD -MP -MF"src/lab2.d" -MT"src/lab2.d" -o "src/lab2.o" "../src/lab2.c"
'Finished building: ../src/lab2.c'
' '
'Building target: TestApp.elf'
'Invoking: ARM gcc linker'
arm-xilinx-eabi-gcc -Wl,-T -Wl,../src/lscript.ld -L../../standalone_bsp_0/ps7_cortexa9_0/lib -o "TestApp.elf"  ./src/lab2.o   -Wl,--start-group,-lxil,-lgcc,-lc,--end-group
'Finished building target: TestApp.elf'
' '
'Invoking: ARM Print Size'
arm-xilinx-eabi-size TestApp.elf  |tee "TestApp.elf.size"
   text	   data	    bss	    dec	    hex	filename
  23820	   1136	  22628	  47584	   b9e0	TestApp.elf
'Finished building: TestApp.elf.size'
' '
10:52:57 **** Incremental Build of configuration Debug for project TestApp ****
make all 
make: Nothing to be done for `all'.
10:53:57 **** Incremental Build of configuration Debug for project TestApp ****
make all 
make: Nothing to be done for `all'.
10:58:20 **** Incremental Build of configuration Debug for project TestApp ****
make all 
make: Nothing to be done for `all'.
11:02:10 **** Incremental Build of configuration Debug for project TestApp ****
make all 
make: Nothing to be done for `all'.
11:02:42 **** Incremental Build of configuration Debug for project TestApp ****
make all 
make: Nothing to be done for `all'.
11:04:16 **** Incremental Build of configuration Debug for project TestApp ****
make all 
make: Nothing to be done for `all'.
11:05:49 **** Incremental Build of configuration Debug for project TestApp ****
make all 
make: Nothing to be done for `all'.
11:09:41 **** Incremental Build of configuration Debug for project TestApp ****
make all 
make: Nothing to be done for `all'.
11:10:00 **** Incremental Build of configuration Debug for project TestApp ****
make all 
make: Nothing to be done for `all'.
11:10:43 **** Incremental Build of configuration Debug for project TestApp ****
make all 
make: Nothing to be done for `all'.
11:11:39 **** Incremental Build of configuration Debug for project TestApp ****
make all 
make: Nothing to be done for `all'.
11:12:38 **** Incremental Build of configuration Debug for project TestApp ****
make all 
make: Nothing to be done for `all'.
11:13:33 **** Incremental Build of configuration Debug for project TestApp ****
make all 
make: Nothing to be done for `all'.
11:14:00 **** Incremental Build of configuration Debug for project TestApp ****
make all 
make: Nothing to be done for `all'.
11:22:05 **** Auto Build of project standalone_bsp_0 ****
make -k all 
'Finished building libraries'
11:22:10 **** Auto Build of project standalone_bsp_0 ****
make -k all 
'Finished building libraries'
13:34:53 **** Incremental Build of configuration Debug for project TestApp ****
make all 
make: Nothing to be done for `all'.
13:36:57 **** Incremental Build of configuration Debug for project TestApp ****
make all 
make: Nothing to be done for `all'.
13:37:48 **** Incremental Build of configuration Debug for project TestApp ****
make all 
make: Nothing to be done for `all'.
13:39:45 **** Incremental Build of configuration Debug for project TestApp ****
make all 
make: Nothing to be done for `all'.
13:48:12 **** Incremental Build of configuration Debug for project TestApp ****
make all 
make: Nothing to be done for `all'.
13:50:15 **** Incremental Build of configuration Debug for project TestApp ****
make all 
make: Nothing to be done for `all'.
13:51:31 **** Incremental Build of configuration Debug for project TestApp ****
make all 
make: Nothing to be done for `all'.
